2026-09-10 12:28:31,374 [INFO] ✅ All 10 handlers registered
2026-09-10 12:28:31,375 [INFO] 🚀 Starting bot loop...
2026-09-10 12:28:32,071 [INFO] 🤖 Agent AI Kilua (@agentaisix_bot) started
2026-09-10 12:28:32,624 [INFO] 📱 Connected to chat: IG SIXZUPER (-1003934372713)
2026-09-10 12:28:32,626 [INFO] 👥 Allowed users: 2
2026-09-10 12:28:32,627 [INFO] Start polling
2026-09-10 12:28:32,628 [INFO] Run polling for bot @agentaisix_bot id=8592188693 - 'Agent AI Kilua'
2026-09-10 12:28:55,845 [ERROR] Failed to fetch updates - TelegramConflictError: Telegram server says - Conflict: terminated by other getUpdates request; make sure that only one bot instance is running
2026-09-10 12:28:55,846 [WARNING] Sleep for 1.000000 seconds and try again... (tryings = 0, bot id = 8592188693)
2026-09-10 12:29:07,062 [INFO] Connection established (tryings = 1, bot id = 8592188693)
2026-09-10 12:29:17,561 [WARNING] Received SIGTERM signal
2026-09-10 12:29:17,564 [INFO] Polling stopped for bot @agentaisix_bot id=8592188693 - 'Agent AI Kilua'
2026-09-10 12:29:17,566 [INFO] Polling stopped
2026-09-10 12:29:17,567 [INFO] 🛑 Bot shutting down...
2026-09-10 12:35:16,060 [INFO] ✅ All 10 handlers registered
2026-09-10 12:35:16,061 [INFO] 🚀 Starting bot loop...
2026-09-10 12:35:16,742 [INFO] 🤖 Agent AI Kilua (@agentaisix_bot) started
2026-09-10 12:35:17,290 [INFO] 📱 Connected to chat: IG SIXZUPER (-1003934372713)
2026-09-10 12:35:17,292 [INFO] 👥 Allowed users: 2
2026-09-10 12:35:17,293 [INFO] Start polling
2026-09-10 12:35:17,294 [INFO] Run polling for bot @agentaisix_bot id=8592188693 - 'Agent AI Kilua'
2026-09-10 12:35:40,665 [ERROR] Failed to fetch updates - TelegramConflictError: Telegram server says - Conflict: terminated by other getUpdates request; make sure that only one bot instance is running
2026-09-10 12:35:40,666 [WARNING] Sleep for 1.000000 seconds and try again... (tryings = 0, bot id = 8592188693)
2026-09-10 12:35:51,881 [INFO] Connection established (tryings = 1, bot id = 8592188693)
2026-09-10 12:36:18,013 [ERROR] Failed to fetch updates - TelegramConflictError: Telegram server says - Conflict: terminated by other getUpdates request; make sure that only one bot instance is running
2026-09-10 12:36:18,014 [WARNING] Sleep for 1.000000 seconds and try again... (tryings = 0, bot id = 8592188693)
2026-09-10 12:36:29,229 [INFO] Connection established (tryings = 1, bot id = 8592188693)
2026-09-10 12:37:05,535 [ERROR] Failed to fetch updates - TelegramConflictError: Telegram server says - Conflict: terminated by other getUpdates request; make sure that only one bot instance is running
2026-09-10 12:37:05,536 [WARNING] Sleep for 1.000000 seconds and try again... (tryings = 0, bot id = 8592188693)
2026-09-10 12:37:16,763 [INFO] Connection established (tryings = 1, bot id = 8592188693)
2026-09-10 12:38:03,035 [ERROR] Failed to fetch updates - TelegramConflictError: Telegram server says - Conflict: terminated by other getUpdates request; make sure that only one bot instance is running
2026-09-10 12:38:03,038 [WARNING] Sleep for 1.000000 seconds and try again... (tryings = 0, bot id = 8592188693)
2026-09-10 12:38:14,253 [INFO] Connection established (tryings = 1, bot id = 8592188693)
2026-09-10 12:38:22,533 [WARNING] Received SIGTERM signal
2026-09-10 12:38:22,536 [INFO] Polling stopped for bot @agentaisix_bot id=8592188693 - 'Agent AI Kilua'
2026-09-10 12:38:22,538 [INFO] Polling stopped
2026-09-10 12:38:22,540 [INFO] 🛑 Bot shutting down...
2026-09-10 12:45:05,503 [INFO] ✅ All handlers registered (modular routers loaded)
2026-09-10 12:45:05,504 [INFO] 🚀 Starting bot loop...
2026-09-10 12:45:06,244 [INFO] 🤖 Agent AI Kilua (@agentaisix_bot) started
2026-09-10 12:45:06,797 [INFO] 📱 Connected to chat: IG SIXZUPER (-1003934372713)
2026-09-10 12:45:06,799 [INFO] 👥 Allowed users: 2
2026-09-10 12:45:06,800 [INFO] Start polling
2026-09-10 12:45:06,801 [INFO] Run polling for bot @agentaisix_bot id=8592188693 - 'Agent AI Kilua'
2026-09-10 12:45:30,343 [ERROR] Failed to fetch updates - TelegramConflictError: Telegram server says - Conflict: terminated by other getUpdates request; make sure that only one bot instance is running
2026-09-10 12:45:30,344 [WARNING] Sleep for 1.000000 seconds and try again... (tryings = 0, bot id = 8592188693)
2026-09-10 12:45:41,565 [INFO] Connection established (tryings = 1, bot id = 8592188693)
2026-09-10 12:46:07,740 [ERROR] Failed to fetch updates - TelegramConflictError: Telegram server says - Conflict: terminated by other getUpdates request; make sure that only one bot instance is running
2026-09-10 12:46:07,742 [WARNING] Sleep for 1.000000 seconds and try again... (tryings = 0, bot id = 8592188693)
2026-09-10 12:46:18,974 [INFO] Connection established (tryings = 1, bot id = 8592188693)
2026-09-10 12:46:55,173 [ERROR] Failed to fetch updates - TelegramConflictError: Telegram server says - Conflict: terminated by other getUpdates request; make sure that only one bot instance is running
2026-09-10 12:46:55,175 [WARNING] Sleep for 1.000000 seconds and try again... (tryings = 0, bot id = 8592188693)
2026-09-10 12:47:06,415 [INFO] Connection established (tryings = 1, bot id = 8592188693)
2026-09-10 12:47:52,590 [ERROR] Failed to fetch updates - TelegramConflictError: Telegram server says - Conflict: terminated by other getUpdates request; make sure that only one bot instance is running
2026-09-10 12:47:52,591 [WARNING] Sleep for 1.000000 seconds and try again... (tryings = 0, bot id = 8592188693)
2026-09-10 12:48:03,825 [INFO] Connection established (tryings = 1, bot id = 8592188693)
2026-09-10 12:49:00,799 [ERROR] Failed to fetch updates - TelegramConflictError: Telegram server says - Conflict: terminated by other getUpdates request; make sure that only one bot instance is running
2026-09-10 12:49:00,800 [WARNING] Sleep for 1.000000 seconds and try again... (tryings = 0, bot id = 8592188693)
2026-09-10 12:49:06,963 [WARNING] Received SIGTERM signal
2026-09-10 12:49:06,965 [INFO] Polling stopped for bot @agentaisix_bot id=8592188693 - 'Agent AI Kilua'
2026-09-10 12:49:06,967 [INFO] Polling stopped
2026-09-10 12:49:06,968 [INFO] 🛑 Bot shutting down...
2026-09-10 13:29:41,225 [INFO] ✅ All handlers registered (modular routers loaded)
2026-09-10 13:29:41,226 [INFO] 🚀 Starting bot loop...
2026-09-10 13:29:41,975 [INFO] 🤖 Agent AI Kilua (@agentaisix_bot) started
2026-09-10 13:29:42,540 [INFO] 📱 Connected to chat: IG SIXZUPER (-1003934372713)
2026-09-10 13:29:42,542 [INFO] 👥 Allowed users: 2
2026-09-10 13:29:42,543 [INFO] Start polling
2026-09-10 13:29:42,544 [INFO] Run polling for bot @agentaisix_bot id=8592188693 - 'Agent AI Kilua'
2026-09-10 13:30:05,922 [ERROR] Failed to fetch updates - TelegramConflictError: Telegram server says - Conflict: terminated by other getUpdates request; make sure that only one bot instance is running
2026-09-10 13:30:05,923 [WARNING] Sleep for 1.000000 seconds and try again... (tryings = 0, bot id = 8592188693)
2026-09-10 13:30:17,147 [INFO] Connection established (tryings = 1, bot id = 8592188693)
2026-09-10 13:30:21,438 [INFO] Update id=234503673 is handled. Duration 1195 ms by bot id=8592188693
2026-09-10 13:30:43,316 [ERROR] Failed to fetch updates - TelegramConflictError: Telegram server says - Conflict: terminated by other getUpdates request; make sure that only one bot instance is running
2026-09-10 13:30:43,317 [WARNING] Sleep for 1.000000 seconds and try again... (tryings = 0, bot id = 8592188693)
2026-09-10 13:30:54,393 [INFO] Connection established (tryings = 1, bot id = 8592188693)
2026-09-10 13:30:55,347 [INFO] Update id=234503674 is handled. Duration 947 ms by bot id=8592188693
2026-09-10 13:31:30,738 [ERROR] Failed to fetch updates - TelegramConflictError: Telegram server says - Conflict: terminated by other getUpdates request; make sure that only one bot instance is running
2026-09-10 13:31:30,740 [WARNING] Sleep for 1.000000 seconds and try again... (tryings = 0, bot id = 8592188693)
2026-09-10 13:31:41,982 [INFO] Connection established (tryings = 1, bot id = 8592188693)
2026-09-10 13:32:27,527 [INFO] Update id=234503675 is handled. Duration 1096 ms by bot id=8592188693
2026-09-10 13:32:28,165 [ERROR] Failed to fetch updates - TelegramConflictError: Telegram server says - Conflict: terminated by other getUpdates request; make sure that only one bot instance is running
2026-09-10 13:32:28,166 [WARNING] Sleep for 1.000000 seconds and try again... (tryings = 0, bot id = 8592188693)
2026-09-10 13:32:39,401 [INFO] Connection established (tryings = 1, bot id = 8592188693)
2026-09-10 13:32:53,727 [INFO] Update id=234503676 is handled. Duration 2 ms by bot id=8592188693
2026-09-10 13:33:24,454 [INFO] Update id=234503677 is handled. Duration 1062 ms by bot id=8592188693
2026-09-10 13:33:35,583 [ERROR] Failed to fetch updates - TelegramConflictError: Telegram server says - Conflict: terminated by other getUpdates request; make sure that only one bot instance is running
2026-09-10 13:33:35,585 [WARNING] Sleep for 1.000000 seconds and try again... (tryings = 0, bot id = 8592188693)
2026-09-10 13:33:42,330 [WARNING] Received SIGTERM signal
2026-09-10 13:33:42,333 [INFO] Polling stopped for bot @agentaisix_bot id=8592188693 - 'Agent AI Kilua'
2026-09-10 13:33:42,334 [INFO] Polling stopped
2026-09-10 13:33:42,335 [INFO] 🛑 Bot shutting down...
2026-09-10 13:35:17,907 [INFO] ✅ All handlers registered (modular routers loaded)
2026-09-10 13:35:17,908 [INFO] 🚀 Starting bot loop...
2026-09-10 13:35:18,621 [INFO] 🤖 Agent AI Kilua (@agentaisix_bot) started
2026-09-10 13:35:19,159 [INFO] 📱 Connected to chat: IG SIXZUPER (-1003934372713)
2026-09-10 13:35:19,161 [INFO] 👥 Allowed users: 2
2026-09-10 13:35:19,162 [INFO] Start polling
2026-09-10 13:35:19,163 [INFO] Run polling for bot @agentaisix_bot id=8592188693 - 'Agent AI Kilua'
2026-09-10 13:35:42,750 [ERROR] Failed to fetch updates - TelegramConflictError: Telegram server says - Conflict: terminated by other getUpdates request; make sure that only one bot instance is running
2026-09-10 13:35:42,751 [WARNING] Sleep for 1.000000 seconds and try again... (tryings = 0, bot id = 8592188693)
2026-09-10 13:35:43,172 [WARNING] Received SIGTERM signal
2026-09-10 13:35:43,173 [INFO] Polling stopped for bot @agentaisix_bot id=8592188693 - 'Agent AI Kilua'
2026-09-10 13:35:43,174 [INFO] Polling stopped
2026-09-10 13:35:43,175 [INFO] 🛑 Bot shutting down...
2026-09-10 14:17:41,809 [INFO] ✅ All handlers registered (modular routers loaded)
2026-09-10 14:17:41,809 [INFO] 🚀 Starting bot loop...
2026-09-10 14:17:42,504 [INFO] 🤖 Agent AI Kilua (@agentaisix_bot) started
2026-09-10 14:17:43,042 [INFO] 📱 Connected to chat: IG SIXZUPER (-1003934372713)
2026-09-10 14:17:43,043 [INFO] 👥 Allowed users: 2
2026-09-10 14:17:43,044 [INFO] Start polling
2026-09-10 14:17:43,046 [INFO] Run polling for bot @agentaisix_bot id=8592188693 - 'Agent AI Kilua'
2026-09-10 14:18:06,890 [ERROR] Failed to fetch updates - TelegramConflictError: Telegram server says - Conflict: terminated by other getUpdates request; make sure that only one bot instance is running
2026-09-10 14:18:06,890 [WARNING] Sleep for 1.000000 seconds and try again... (tryings = 0, bot id = 8592188693)
2026-09-10 14:18:18,108 [INFO] Connection established (tryings = 1, bot id = 8592188693)
2026-09-10 14:18:44,276 [ERROR] Failed to fetch updates - TelegramConflictError: Telegram server says - Conflict: terminated by other getUpdates request; make sure that only one bot instance is running
2026-09-10 14:18:44,278 [WARNING] Sleep for 1.000000 seconds and try again... (tryings = 0, bot id = 8592188693)
2026-09-10 14:18:55,503 [INFO] Connection established (tryings = 1, bot id = 8592188693)
2026-09-10 14:19:31,670 [ERROR] Failed to fetch updates - TelegramConflictError: Telegram server says - Conflict: terminated by other getUpdates request; make sure that only one bot instance is running
2026-09-10 14:19:31,672 [WARNING] Sleep for 1.000000 seconds and try again... (tryings = 0, bot id = 8592188693)
2026-09-10 14:19:42,905 [INFO] Connection established (tryings = 1, bot id = 8592188693)
2026-09-10 14:20:29,086 [ERROR] Failed to fetch updates - TelegramConflictError: Telegram server says - Conflict: terminated by other getUpdates request; make sure that only one bot instance is running
2026-09-10 14:20:29,088 [WARNING] Sleep for 1.000000 seconds and try again... (tryings = 0, bot id = 8592188693)
2026-09-10 14:20:40,312 [INFO] Connection established (tryings = 1, bot id = 8592188693)
2026-09-10 14:21:36,442 [ERROR] Failed to fetch updates - TelegramConflictError: Telegram server says - Conflict: terminated by other getUpdates request; make sure that only one bot instance is running
2026-09-10 14:21:36,444 [WARNING] Sleep for 1.000000 seconds and try again... (tryings = 0, bot id = 8592188693)
2026-09-10 14:21:43,742 [WARNING] Received SIGTERM signal
2026-09-10 14:21:43,744 [INFO] Polling stopped for bot @agentaisix_bot id=8592188693 - 'Agent AI Kilua'
2026-09-10 14:21:43,746 [INFO] Polling stopped
2026-09-10 14:21:43,747 [INFO] 🛑 Bot shutting down...
2026-09-10 14:27:16,526 [INFO] ✅ All handlers registered (modular routers loaded)
2026-09-10 14:27:16,527 [INFO] 🚀 Starting bot loop...
2026-09-10 14:32:38,926 [INFO] ✅ All handlers registered (modular routers loaded)
2026-09-10 14:32:38,927 [INFO] 🚀 Starting bot loop...
2026-09-10 14:32:39,672 [INFO] 🤖 Agent AI Kilua (@agentaisix_bot) started
2026-09-10 14:32:40,307 [INFO] 📱 Connected to chat: IG SIXZUPER (-1003934372713)
2026-09-10 14:32:40,309 [INFO] 👥 Allowed users: 2
2026-09-10 14:32:40,310 [INFO] Start polling
2026-09-10 14:32:40,311 [INFO] Run polling for bot @agentaisix_bot id=8592188693 - 'Agent AI Kilua'
2026-09-10 14:33:03,603 [ERROR] Failed to fetch updates - TelegramConflictError: Telegram server says - Conflict: terminated by other getUpdates request; make sure that only one bot instance is running
2026-09-10 14:33:03,604 [WARNING] Sleep for 1.000000 seconds and try again... (tryings = 0, bot id = 8592188693)
2026-09-10 14:33:14,833 [INFO] Connection established (tryings = 1, bot id = 8592188693)
2026-09-10 14:33:40,510 [ERROR] Failed to fetch updates - TelegramConflictError: Telegram server says - Conflict: terminated by other getUpdates request; make sure that only one bot instance is running
2026-09-10 14:33:40,512 [WARNING] Sleep for 1.000000 seconds and try again... (tryings = 0, bot id = 8592188693)
2026-09-10 14:34:08,491 [INFO] ✅ All handlers registered (modular routers loaded)
2026-09-10 14:34:08,492 [INFO] 🚀 Starting bot loop...
2026-09-10 14:34:09,202 [INFO] 🤖 Agent AI Kilua (@agentaisix_bot) started
2026-09-10 14:34:09,735 [INFO] 📱 Connected to chat: IG SIXZUPER (-1003934372713)
2026-09-10 14:34:09,736 [INFO] 👥 Allowed users: 2
2026-09-10 14:34:09,737 [INFO] Start polling
2026-09-10 14:34:09,739 [INFO] Run polling for bot @agentaisix_bot id=8592188693 - 'Agent AI Kilua'
2026-09-10 14:34:28,555 [ERROR] Failed to fetch updates - TelegramConflictError: Telegram server says - Conflict: terminated by other getUpdates request; make sure that only one bot instance is running
2026-09-10 14:34:28,556 [WARNING] Sleep for 1.000000 seconds and try again... (tryings = 0, bot id = 8592188693)
2026-09-10 14:35:39,262 [INFO] ✅ All handlers registered (modular routers loaded)
2026-09-10 14:35:39,262 [INFO] 🚀 Starting bot loop...
2026-09-10 14:35:39,996 [INFO] 🤖 Agent AI Kilua (@agentaisix_bot) started
2026-09-10 14:35:40,537 [INFO] 📱 Connected to chat: IG SIXZUPER (-1003934372713)
2026-09-10 14:35:40,539 [INFO] 👥 Allowed users: 2
2026-09-10 14:35:40,540 [INFO] Start polling
2026-09-10 14:35:40,541 [INFO] Run polling for bot @agentaisix_bot id=8592188693 - 'Agent AI Kilua'
2026-09-10 14:36:33,606 [INFO] ✅ All handlers registered (modular routers loaded)
2026-09-10 14:36:33,607 [INFO] 🚀 Starting bot loop...
2026-09-10 14:36:34,318 [INFO] 🤖 Agent AI Kilua (@agentaisix_bot) started
2026-09-10 14:36:34,670 [INFO] 📱 Connected to chat: IG SIXZUPER (-1003934372713)
2026-09-10 14:36:34,671 [INFO] 👥 Allowed users: 2
2026-09-10 14:36:34,672 [INFO] Start polling
2026-09-10 14:36:34,673 [INFO] Run polling for bot @agentaisix_bot id=8592188693 - 'Agent AI Kilua'
2026-09-10 14:36:57,596 [ERROR] Failed to fetch updates - TelegramConflictError: Telegram server says - Conflict: terminated by other getUpdates request; make sure that only one bot instance is running
2026-09-10 14:36:57,598 [WARNING] Sleep for 1.000000 seconds and try again... (tryings = 0, bot id = 8592188693)
2026-09-10 14:37:08,812 [INFO] Connection established (tryings = 1, bot id = 8592188693)
2026-09-10 14:37:34,469 [ERROR] Failed to fetch updates - TelegramConflictError: Telegram server says - Conflict: terminated by other getUpdates request; make sure that only one bot instance is running
2026-09-10 14:37:34,470 [WARNING] Sleep for 1.000000 seconds and try again... (tryings = 0, bot id = 8592188693)
2026-09-10 14:37:45,687 [INFO] Connection established (tryings = 1, bot id = 8592188693)
2026-09-10 14:38:22,344 [ERROR] Failed to fetch updates - TelegramConflictError: Telegram server says - Conflict: terminated by other getUpdates request; make sure that only one bot instance is running
2026-09-10 14:38:22,345 [WARNING] Sleep for 1.000000 seconds and try again... (tryings = 0, bot id = 8592188693)
2026-09-10 14:39:12,980 [INFO] ✅ All handlers registered (modular routers loaded)
2026-09-10 14:39:12,980 [INFO] 🚀 Starting bot loop...
2026-09-10 14:39:13,735 [INFO] 🤖 Agent AI Kilua (@agentaisix_bot) started
2026-09-10 14:39:14,344 [INFO] 📱 Connected to chat: IG SIXZUPER (-1003934372713)
2026-09-10 14:39:14,345 [INFO] 👥 Allowed users: 2
2026-09-10 14:39:14,347 [INFO] Start polling
2026-09-10 14:39:14,348 [INFO] Run polling for bot @agentaisix_bot id=8592188693 - 'Agent AI Kilua'
2026-09-10 14:39:20,217 [ERROR] Failed to fetch updates - TelegramConflictError: Telegram server says - Conflict: terminated by other getUpdates request; make sure that only one bot instance is running
2026-09-10 14:39:20,218 [WARNING] Sleep for 1.000000 seconds and try again... (tryings = 0, bot id = 8592188693)
2026-09-10 14:40:45,915 [INFO] ✅ All handlers registered (modular routers loaded)
2026-09-10 14:40:45,915 [INFO] 🚀 Starting bot loop...
2026-09-10 14:40:46,643 [INFO] 🤖 Agent AI Kilua (@agentaisix_bot) started
2026-09-10 14:40:47,199 [INFO] 📱 Connected to chat: IG SIXZUPER (-1003934372713)
2026-09-10 14:40:47,200 [INFO] 👥 Allowed users: 2
2026-09-10 14:40:47,201 [INFO] Start polling
2026-09-10 14:40:47,203 [INFO] Run polling for bot @agentaisix_bot id=8592188693 - 'Agent AI Kilua'
2026-09-10 14:41:10,054 [ERROR] Failed to fetch updates - TelegramConflictError: Telegram server says - Conflict: terminated by other getUpdates request; make sure that only one bot instance is running
2026-09-10 14:41:10,055 [WARNING] Sleep for 1.000000 seconds and try again... (tryings = 0, bot id = 8592188693)
2026-09-10 14:41:21,266 [INFO] Connection established (tryings = 1, bot id = 8592188693)
2026-09-10 14:41:47,333 [ERROR] Failed to fetch updates - TelegramConflictError: Telegram server says - Conflict: terminated by other getUpdates request; make sure that only one bot instance is running
2026-09-10 14:41:47,335 [WARNING] Sleep for 1.000000 seconds and try again... (tryings = 0, bot id = 8592188693)
2026-09-10 14:41:59,045 [INFO] Connection established (tryings = 1, bot id = 8592188693)
2026-09-10 14:42:48,308 [INFO] ✅ All handlers registered (modular routers loaded)
2026-09-10 14:42:48,309 [INFO] 🚀 Starting bot loop...
2026-09-10 14:42:49,023 [INFO] 🤖 Agent AI Kilua (@agentaisix_bot) started
2026-09-10 14:42:49,612 [INFO] 📱 Connected to chat: IG SIXZUPER (-1003934372713)
2026-09-10 14:42:49,613 [INFO] 👥 Allowed users: 2
2026-09-10 14:42:49,614 [INFO] Start polling
2026-09-10 14:42:49,615 [INFO] Run polling for bot @agentaisix_bot id=8592188693 - 'Agent AI Kilua'
2026-09-10 14:43:12,589 [ERROR] Failed to fetch updates - TelegramConflictError: Telegram server says - Conflict: terminated by other getUpdates request; make sure that only one bot instance is running
2026-09-10 14:43:12,590 [WARNING] Sleep for 1.000000 seconds and try again... (tryings = 0, bot id = 8592188693)
2026-09-10 14:43:23,807 [INFO] Connection established (tryings = 1, bot id = 8592188693)
2026-09-10 14:43:49,756 [ERROR] Failed to fetch updates - TelegramConflictError: Telegram server says - Conflict: terminated by other getUpdates request; make sure that only one bot instance is running
2026-09-10 14:43:49,758 [WARNING] Sleep for 1.000000 seconds and try again... (tryings = 0, bot id = 8592188693)
2026-09-10 14:44:00,982 [INFO] Connection established (tryings = 1, bot id = 8592188693)
2026-09-10 14:44:36,693 [ERROR] Failed to fetch updates - TelegramConflictError: Telegram server says - Conflict: terminated by other getUpdates request; make sure that only one bot instance is running
2026-09-10 14:44:36,695 [WARNING] Sleep for 1.000000 seconds and try again... (tryings = 0, bot id = 8592188693)
2026-09-10 14:44:47,927 [INFO] Connection established (tryings = 1, bot id = 8592188693)
2026-09-10 14:44:50,971 [INFO] Update id=234503715 is handled. Duration 1305 ms by bot id=8592188693
2026-09-10 14:45:03,486 [INFO] Update id=234503716 is not handled. Duration 3 ms by bot id=8592188693
2026-09-10 14:45:03,487 [ERROR] Cause exception while process update id=234503716 by bot id=8592188693
AttributeError: 'Message' object has no attribute 'get_args'
Traceback (most recent call last):
  File "/home/aisixzuperlabs/sixzuper-content/.venv/lib/python3.11/site-packages/aiogram/dispatcher/dispatcher.py", line 309, in _process_update
    response = await self.feed_update(bot, update, **kwargs)
               ^^^^^^^^^^^^^^^^^^^^^^^^^^^^^^^^^^^^^^^^^^^^^
  File "/home/aisixzuperlabs/sixzuper-content/.venv/lib/python3.11/site-packages/aiogram/dispatcher/dispatcher.py", line 158, in feed_update
    response = await self.update.wrap_outer_middleware(
               ^^^^^^^^^^^^^^^^^^^^^^^^^^^^^^^^^^^^^^^^
  File "/home/aisixzuperlabs/sixzuper-content/.venv/lib/python3.11/site-packages/aiogram/dispatcher/middlewares/error.py", line 25, in __call__
    return await handler(event, data)
           ^^^^^^^^^^^^^^^^^^^^^^^^^^
  File "/home/aisixzuperlabs/sixzuper-content/.venv/lib/python3.11/site-packages/aiogram/dispatcher/middlewares/user_context.py", line 49, in __call__
    return await handler(event, data)
           ^^^^^^^^^^^^^^^^^^^^^^^^^^
  File "/home/aisixzuperlabs/sixzuper-content/.venv/lib/python3.11/site-packages/aiogram/fsm/middleware.py", line 42, in __call__
    return await handler(event, data)
           ^^^^^^^^^^^^^^^^^^^^^^^^^^
  File "/home/aisixzuperlabs/sixzuper-content/.venv/lib/python3.11/site-packages/aiogram/dispatcher/event/telegram.py", line 121, in trigger
    return await wrapped_inner(event, kwargs)
           ^^^^^^^^^^^^^^^^^^^^^^^^^^^^^^^^^^
  File "/home/aisixzuperlabs/sixzuper-content/.venv/lib/python3.11/site-packages/aiogram/dispatcher/event/handler.py", line 43, in call
    return await wrapped()
           ^^^^^^^^^^^^^^^
  File "/home/aisixzuperlabs/sixzuper-content/.venv/lib/python3.11/site-packages/aiogram/dispatcher/dispatcher.py", line 276, in _listen_update
    return await self.propagate_event(update_type=update_type, event=event, **kwargs)
           ^^^^^^^^^^^^^^^^^^^^^^^^^^^^^^^^^^^^^^^^^^^^^^^^^^^^^^^^^^^^^^^^^^^^^^^^^^
  File "/home/aisixzuperlabs/sixzuper-content/.venv/lib/python3.11/site-packages/aiogram/dispatcher/router.py", line 142, in propagate_event
    return await observer.wrap_outer_middleware(_wrapped, event=event, data=kwargs)
           ^^^^^^^^^^^^^^^^^^^^^^^^^^^^^^^^^^^^^^^^^^^^^^^^^^^^^^^^^^^^^^^^^^^^^^^^
  File "/home/aisixzuperlabs/sixzuper-content/.venv/lib/python3.11/site-packages/aiogram/dispatcher/router.py", line 137, in _wrapped
    return await self._propagate_event(
           ^^^^^^^^^^^^^^^^^^^^^^^^^^^^
  File "/home/aisixzuperlabs/sixzuper-content/.venv/lib/python3.11/site-packages/aiogram/dispatcher/router.py", line 170, in _propagate_event
    response = await router.propagate_event(update_type=update_type, event=event, **kwargs)
               ^^^^^^^^^^^^^^^^^^^^^^^^^^^^^^^^^^^^^^^^^^^^^^^^^^^^^^^^^^^^^^^^^^^^^^^^^^^^
  File "/home/aisixzuperlabs/sixzuper-content/.venv/lib/python3.11/site-packages/aiogram/dispatcher/router.py", line 142, in propagate_event
    return await observer.wrap_outer_middleware(_wrapped, event=event, data=kwargs)
           ^^^^^^^^^^^^^^^^^^^^^^^^^^^^^^^^^^^^^^^^^^^^^^^^^^^^^^^^^^^^^^^^^^^^^^^^
  File "/home/aisixzuperlabs/sixzuper-content/.venv/lib/python3.11/site-packages/aiogram/dispatcher/router.py", line 137, in _wrapped
    return await self._propagate_event(
           ^^^^^^^^^^^^^^^^^^^^^^^^^^^^
  File "/home/aisixzuperlabs/sixzuper-content/.venv/lib/python3.11/site-packages/aiogram/dispatcher/router.py", line 162, in _propagate_event
    response = await observer.trigger(event, **kwargs)
               ^^^^^^^^^^^^^^^^^^^^^^^^^^^^^^^^^^^^^^^
  File "/home/aisixzuperlabs/sixzuper-content/.venv/lib/python3.11/site-packages/aiogram/dispatcher/event/telegram.py", line 121, in trigger
    return await wrapped_inner(event, kwargs)
           ^^^^^^^^^^^^^^^^^^^^^^^^^^^^^^^^^^
  File "/home/aisixzuperlabs/sixzuper-content/.venv/lib/python3.11/site-packages/aiogram/dispatcher/event/handler.py", line 43, in call
    return await wrapped()
           ^^^^^^^^^^^^^^^
  File "/home/aisixzuperlabs/sixzuper-content/topics/content_drafts.py", line 54, in cmd_draft
    # Parse args manually (aiogram 3.x compatible)
           ^^^^^^^^^^^^^^^^
  File "/home/aisixzuperlabs/sixzuper-content/.venv/lib/python3.11/site-packages/pydantic/main.py", line 811, in __getattr__
    raise AttributeError(f'{type(self).__name__!r} object has no attribute {item!r}')
AttributeError: 'Message' object has no attribute 'get_args'
2026-09-10 14:45:36,856 [ERROR] Failed to fetch updates - TelegramConflictError: Telegram server says - Conflict: terminated by other getUpdates request; make sure that only one bot instance is running
2026-09-10 14:45:36,858 [WARNING] Sleep for 1.000000 seconds and try again... (tryings = 0, bot id = 8592188693)
2026-09-10 14:45:40,102 [INFO] Connection established (tryings = 1, bot id = 8592188693)
2026-09-10 14:45:42,980 [INFO] Update id=234503717 is handled. Duration 2874 ms by bot id=8592188693
2026-09-10 14:45:56,472 [INFO] Update id=234503718 is not handled. Duration 6 ms by bot id=8592188693
2026-09-10 14:45:56,474 [ERROR] Cause exception while process update id=234503718 by bot id=8592188693
AttributeError: 'Message' object has no attribute 'get_args'
Traceback (most recent call last):
  File "/home/aisixzuperlabs/sixzuper-content/.venv/lib/python3.11/site-packages/aiogram/dispatcher/dispatcher.py", line 309, in _process_update
    response = await self.feed_update(bot, update, **kwargs)
               ^^^^^^^^^^^^^^^^^^^^^^^^^^^^^^^^^^^^^^^^^^^^^
  File "/home/aisixzuperlabs/sixzuper-content/.venv/lib/python3.11/site-packages/aiogram/dispatcher/dispatcher.py", line 158, in feed_update
    response = await self.update.wrap_outer_middleware(
               ^^^^^^^^^^^^^^^^^^^^^^^^^^^^^^^^^^^^^^^^
  File "/home/aisixzuperlabs/sixzuper-content/.venv/lib/python3.11/site-packages/aiogram/dispatcher/middlewares/error.py", line 25, in __call__
    return await handler(event, data)
           ^^^^^^^^^^^^^^^^^^^^^^^^^^
  File "/home/aisixzuperlabs/sixzuper-content/.venv/lib/python3.11/site-packages/aiogram/dispatcher/middlewares/user_context.py", line 49, in __call__
    return await handler(event, data)
           ^^^^^^^^^^^^^^^^^^^^^^^^^^
  File "/home/aisixzuperlabs/sixzuper-content/.venv/lib/python3.11/site-packages/aiogram/fsm/middleware.py", line 42, in __call__
    return await handler(event, data)
           ^^^^^^^^^^^^^^^^^^^^^^^^^^
  File "/home/aisixzuperlabs/sixzuper-content/.venv/lib/python3.11/site-packages/aiogram/dispatcher/event/telegram.py", line 121, in trigger
    return await wrapped_inner(event, kwargs)
           ^^^^^^^^^^^^^^^^^^^^^^^^^^^^^^^^^^
  File "/home/aisixzuperlabs/sixzuper-content/.venv/lib/python3.11/site-packages/aiogram/dispatcher/event/handler.py", line 43, in call
    return await wrapped()
           ^^^^^^^^^^^^^^^
  File "/home/aisixzuperlabs/sixzuper-content/.venv/lib/python3.11/site-packages/aiogram/dispatcher/dispatcher.py", line 276, in _listen_update
    return await self.propagate_event(update_type=update_type, event=event, **kwargs)
           ^^^^^^^^^^^^^^^^^^^^^^^^^^^^^^^^^^^^^^^^^^^^^^^^^^^^^^^^^^^^^^^^^^^^^^^^^^
  File "/home/aisixzuperlabs/sixzuper-content/.venv/lib/python3.11/site-packages/aiogram/dispatcher/router.py", line 142, in propagate_event
    return await observer.wrap_outer_middleware(_wrapped, event=event, data=kwargs)
           ^^^^^^^^^^^^^^^^^^^^^^^^^^^^^^^^^^^^^^^^^^^^^^^^^^^^^^^^^^^^^^^^^^^^^^^^
  File "/home/aisixzuperlabs/sixzuper-content/.venv/lib/python3.11/site-packages/aiogram/dispatcher/router.py", line 137, in _wrapped
    return await self._propagate_event(
           ^^^^^^^^^^^^^^^^^^^^^^^^^^^^
  File "/home/aisixzuperlabs/sixzuper-content/.venv/lib/python3.11/site-packages/aiogram/dispatcher/router.py", line 170, in _propagate_event
    response = await router.propagate_event(update_type=update_type, event=event, **kwargs)
               ^^^^^^^^^^^^^^^^^^^^^^^^^^^^^^^^^^^^^^^^^^^^^^^^^^^^^^^^^^^^^^^^^^^^^^^^^^^^
  File "/home/aisixzuperlabs/sixzuper-content/.venv/lib/python3.11/site-packages/aiogram/dispatcher/router.py", line 142, in propagate_event
    return await observer.wrap_outer_middleware(_wrapped, event=event, data=kwargs)
           ^^^^^^^^^^^^^^^^^^^^^^^^^^^^^^^^^^^^^^^^^^^^^^^^^^^^^^^^^^^^^^^^^^^^^^^^
  File "/home/aisixzuperlabs/sixzuper-content/.venv/lib/python3.11/site-packages/aiogram/dispatcher/router.py", line 137, in _wrapped
    return await self._propagate_event(
           ^^^^^^^^^^^^^^^^^^^^^^^^^^^^
  File "/home/aisixzuperlabs/sixzuper-content/.venv/lib/python3.11/site-packages/aiogram/dispatcher/router.py", line 162, in _propagate_event
    response = await observer.trigger(event, **kwargs)
               ^^^^^^^^^^^^^^^^^^^^^^^^^^^^^^^^^^^^^^^
  File "/home/aisixzuperlabs/sixzuper-content/.venv/lib/python3.11/site-packages/aiogram/dispatcher/event/telegram.py", line 121, in trigger
    return await wrapped_inner(event, kwargs)
           ^^^^^^^^^^^^^^^^^^^^^^^^^^^^^^^^^^
  File "/home/aisixzuperlabs/sixzuper-content/.venv/lib/python3.11/site-packages/aiogram/dispatcher/event/handler.py", line 43, in call
    return await wrapped()
           ^^^^^^^^^^^^^^^
  File "/home/aisixzuperlabs/sixzuper-content/topics/content_drafts.py", line 54, in cmd_draft
    # Parse args manually (aiogram 3.x compatible)
           ^^^^^^^^^^^^^^^^
  File "/home/aisixzuperlabs/sixzuper-content/.venv/lib/python3.11/site-packages/pydantic/main.py", line 811, in __getattr__
    raise AttributeError(f'{type(self).__name__!r} object has no attribute {item!r}')
AttributeError: 'Message' object has no attribute 'get_args'
2026-09-10 14:46:48,149 [ERROR] Failed to fetch updates - TelegramConflictError: Telegram server says - Conflict: terminated by other getUpdates request; make sure that only one bot instance is running
2026-09-10 14:46:48,150 [WARNING] Sleep for 1.000000 seconds and try again... (tryings = 0, bot id = 8592188693)
2026-09-10 14:46:54,774 [WARNING] Received SIGTERM signal
2026-09-10 14:46:54,776 [INFO] Polling stopped for bot @agentaisix_bot id=8592188693 - 'Agent AI Kilua'
2026-09-10 14:46:54,778 [INFO] Polling stopped
2026-09-10 14:46:54,779 [INFO] 🛑 Bot shutting down...
2026-09-10 14:54:49,798 [INFO] ✅ All handlers registered (modular routers loaded)
2026-09-10 14:54:49,799 [INFO] 🚀 Starting bot loop...
2026-09-10 14:54:50,519 [INFO] 🤖 Agent AI Kilua (@agentaisix_bot) started
2026-09-10 14:54:51,073 [INFO] 📱 Connected to chat: IG SIXZUPER (-1003934372713)
2026-09-10 14:54:51,074 [INFO] 👥 Allowed users: 2
2026-09-10 14:54:51,075 [INFO] Start polling
2026-09-10 14:54:51,077 [INFO] Run polling for bot @agentaisix_bot id=8592188693 - 'Agent AI Kilua'
2026-09-10 14:55:14,481 [ERROR] Failed to fetch updates - TelegramConflictError: Telegram server says - Conflict: terminated by other getUpdates request; make sure that only one bot instance is running
2026-09-10 14:55:14,482 [WARNING] Sleep for 1.000000 seconds and try again... (tryings = 0, bot id = 8592188693)
2026-09-10 14:55:25,722 [INFO] Connection established (tryings = 1, bot id = 8592188693)
2026-09-10 14:55:51,883 [ERROR] Failed to fetch updates - TelegramConflictError: Telegram server says - Conflict: terminated by other getUpdates request; make sure that only one bot instance is running
2026-09-10 14:55:51,885 [WARNING] Sleep for 1.000000 seconds and try again... (tryings = 0, bot id = 8592188693)
2026-09-10 14:56:03,117 [INFO] Connection established (tryings = 1, bot id = 8592188693)
2026-09-10 14:56:39,812 [ERROR] Failed to fetch updates - TelegramConflictError: Telegram server says - Conflict: terminated by other getUpdates request; make sure that only one bot instance is running
2026-09-10 14:56:39,814 [WARNING] Sleep for 1.000000 seconds and try again... (tryings = 0, bot id = 8592188693)
2026-09-10 14:56:51,045 [INFO] Connection established (tryings = 1, bot id = 8592188693)
2026-09-10 14:57:37,225 [ERROR] Failed to fetch updates - TelegramConflictError: Telegram server says - Conflict: terminated by other getUpdates request; make sure that only one bot instance is running
2026-09-10 14:57:37,227 [WARNING] Sleep for 1.000000 seconds and try again... (tryings = 0, bot id = 8592188693)
2026-09-10 14:57:48,464 [INFO] Connection established (tryings = 1, bot id = 8592188693)
2026-09-10 14:58:44,674 [ERROR] Failed to fetch updates - TelegramConflictError: Telegram server says - Conflict: terminated by other getUpdates request; make sure that only one bot instance is running
2026-09-10 14:58:44,676 [WARNING] Sleep for 1.000000 seconds and try again... (tryings = 0, bot id = 8592188693)
2026-09-10 14:58:53,427 [WARNING] Received SIGTERM signal
2026-09-10 14:58:53,429 [INFO] Polling stopped for bot @agentaisix_bot id=8592188693 - 'Agent AI Kilua'
2026-09-10 14:58:53,431 [INFO] Polling stopped
2026-09-10 14:58:53,432 [INFO] 🛑 Bot shutting down...
2026-09-10 15:10:05,699 [INFO] ✅ All handlers registered (modular routers loaded)
2026-09-10 15:10:05,700 [INFO] 🚀 Starting bot loop...
2026-09-10 15:10:42,564 [INFO] ✅ All handlers registered (modular routers loaded)
2026-09-10 15:10:42,565 [INFO] 🚀 Starting bot loop...
2026-09-10 15:10:43,282 [INFO] 🤖 Agent AI Kilua (@agentaisix_bot) started
2026-09-10 15:10:43,842 [INFO] 📱 Connected to chat: IG SIXZUPER (-1003934372713)
2026-09-10 15:10:43,844 [INFO] 👥 Allowed users: 2
2026-09-10 15:10:43,845 [INFO] Start polling
2026-09-10 15:10:43,846 [INFO] Run polling for bot @agentaisix_bot id=8592188693 - 'Agent AI Kilua'
2026-09-10 15:11:07,281 [ERROR] Failed to fetch updates - TelegramConflictError: Telegram server says - Conflict: terminated by other getUpdates request; make sure that only one bot instance is running
2026-09-10 15:11:07,282 [WARNING] Sleep for 1.000000 seconds and try again... (tryings = 0, bot id = 8592188693)
2026-09-10 15:11:18,496 [INFO] Connection established (tryings = 1, bot id = 8592188693)
2026-09-10 15:11:44,658 [ERROR] Failed to fetch updates - TelegramConflictError: Telegram server says - Conflict: terminated by other getUpdates request; make sure that only one bot instance is running
2026-09-10 15:11:44,660 [WARNING] Sleep for 1.000000 seconds and try again... (tryings = 0, bot id = 8592188693)
2026-09-10 15:11:55,881 [INFO] Connection established (tryings = 1, bot id = 8592188693)
2026-09-10 15:12:32,078 [ERROR] Failed to fetch updates - TelegramConflictError: Telegram server says - Conflict: terminated by other getUpdates request; make sure that only one bot instance is running
2026-09-10 15:12:32,080 [WARNING] Sleep for 1.000000 seconds and try again... (tryings = 0, bot id = 8592188693)
2026-09-10 15:12:43,302 [INFO] Connection established (tryings = 1, bot id = 8592188693)
2026-09-10 15:13:29,433 [ERROR] Failed to fetch updates - TelegramConflictError: Telegram server says - Conflict: terminated by other getUpdates request; make sure that only one bot instance is running
2026-09-10 15:13:29,436 [WARNING] Sleep for 1.000000 seconds and try again... (tryings = 0, bot id = 8592188693)
2026-09-10 15:13:40,659 [INFO] Connection established (tryings = 1, bot id = 8592188693)
2026-09-10 15:14:36,791 [ERROR] Failed to fetch updates - TelegramConflictError: Telegram server says - Conflict: terminated by other getUpdates request; make sure that only one bot instance is running
2026-09-10 15:14:36,793 [WARNING] Sleep for 1.000000 seconds and try again... (tryings = 0, bot id = 8592188693)
2026-09-10 15:14:43,828 [WARNING] Received SIGTERM signal
2026-09-10 15:14:43,831 [INFO] Polling stopped for bot @agentaisix_bot id=8592188693 - 'Agent AI Kilua'
2026-09-10 15:14:43,832 [INFO] Polling stopped
2026-09-10 15:14:43,833 [INFO] 🛑 Bot shutting down...
2026-09-10 15:17:54,995 [INFO] ✅ Handlers registered: /start + 3 topic routers
2026-09-10 15:17:54,996 [INFO] 🚀 Starting bot loop...
2026-09-10 15:17:55,728 [INFO] 🤖 Agent AI Kilua (@agentaisix_bot) started
2026-09-10 15:17:56,282 [INFO] 📱 Connected to chat: IG SIXZUPER (-1003934372713)
2026-09-10 15:17:56,284 [INFO] 👥 Allowed users: 2
2026-09-10 15:17:56,285 [INFO] Start polling
2026-09-10 15:17:56,286 [INFO] Run polling for bot @agentaisix_bot id=8592188693 - 'Agent AI Kilua'
2026-09-10 15:18:01,787 [ERROR] Failed to fetch updates - TelegramConflictError: Telegram server says - Conflict: terminated by other getUpdates request; make sure that only one bot instance is running
2026-09-10 15:18:01,788 [WARNING] Sleep for 1.000000 seconds and try again... (tryings = 0, bot id = 8592188693)
2026-09-10 15:18:13,003 [INFO] Connection established (tryings = 1, bot id = 8592188693)
2026-09-10 15:18:22,442 [ERROR] Failed to fetch updates - TelegramConflictError: Telegram server says - Conflict: terminated by other getUpdates request; make sure that only one bot instance is running
2026-09-10 15:18:22,442 [WARNING] Sleep for 1.000000 seconds and try again... (tryings = 0, bot id = 8592188693)
2026-09-10 15:18:33,659 [INFO] Connection established (tryings = 1, bot id = 8592188693)
2026-09-10 15:18:59,767 [ERROR] Failed to fetch updates - TelegramConflictError: Telegram server says - Conflict: terminated by other getUpdates request; make sure that only one bot instance is running
2026-09-10 15:18:59,769 [WARNING] Sleep for 1.000000 seconds and try again... (tryings = 0, bot id = 8592188693)
2026-09-10 15:19:10,991 [INFO] Connection established (tryings = 1, bot id = 8592188693)
2026-09-10 15:19:47,232 [ERROR] Failed to fetch updates - TelegramConflictError: Telegram server says - Conflict: terminated by other getUpdates request; make sure that only one bot instance is running
2026-09-10 15:19:47,234 [WARNING] Sleep for 1.000000 seconds and try again... (tryings = 0, bot id = 8592188693)
2026-09-10 15:19:58,464 [INFO] Connection established (tryings = 1, bot id = 8592188693)
2026-09-10 15:20:44,637 [ERROR] Failed to fetch updates - TelegramConflictError: Telegram server says - Conflict: terminated by other getUpdates request; make sure that only one bot instance is running
2026-09-10 15:20:44,639 [WARNING] Sleep for 1.000000 seconds and try again... (tryings = 0, bot id = 8592188693)
2026-09-10 15:20:55,867 [INFO] Connection established (tryings = 1, bot id = 8592188693)
2026-09-10 15:21:51,980 [ERROR] Failed to fetch updates - TelegramConflictError: Telegram server says - Conflict: terminated by other getUpdates request; make sure that only one bot instance is running
2026-09-10 15:21:51,983 [WARNING] Sleep for 1.000000 seconds and try again... (tryings = 0, bot id = 8592188693)
2026-09-10 15:21:59,361 [WARNING] Received SIGTERM signal
2026-09-10 15:21:59,364 [INFO] Polling stopped for bot @agentaisix_bot id=8592188693 - 'Agent AI Kilua'
2026-09-10 15:21:59,366 [INFO] Polling stopped
2026-09-10 15:21:59,366 [INFO] 🛑 Bot shutting down...
2026-09-10 15:26:46,509 [INFO] ✅ Handlers registered: /start + 3 topic routers
2026-09-10 15:26:46,510 [INFO] 🚀 Starting bot loop...
2026-09-10 15:26:47,208 [INFO] 🤖 Agent AI Kilua (@agentaisix_bot) started
2026-09-10 15:26:47,799 [INFO] 📱 Connected to chat: IG SIXZUPER (-1003934372713)
2026-09-10 15:26:47,800 [INFO] 👥 Allowed users: 2
2026-09-10 15:26:47,801 [INFO] Start polling
2026-09-10 15:26:47,802 [INFO] Run polling for bot @agentaisix_bot id=8592188693 - 'Agent AI Kilua'
2026-09-10 15:27:10,737 [ERROR] Failed to fetch updates - TelegramConflictError: Telegram server says - Conflict: terminated by other getUpdates request; make sure that only one bot instance is running
2026-09-10 15:27:10,738 [WARNING] Sleep for 1.000000 seconds and try again... (tryings = 0, bot id = 8592188693)
2026-09-10 15:27:21,950 [INFO] Connection established (tryings = 1, bot id = 8592188693)
2026-09-10 15:27:23,582 [INFO] Update id=234503738 is not handled. Duration 4 ms by bot id=8592188693
2026-09-10 15:27:48,100 [ERROR] Failed to fetch updates - TelegramConflictError: Telegram server says - Conflict: terminated by other getUpdates request; make sure that only one bot instance is running
2026-09-10 15:27:48,101 [WARNING] Sleep for 1.000000 seconds and try again... (tryings = 0, bot id = 8592188693)
2026-09-10 15:27:59,322 [INFO] Connection established (tryings = 1, bot id = 8592188693)
2026-09-10 15:28:35,490 [ERROR] Failed to fetch updates - TelegramConflictError: Telegram server says - Conflict: terminated by other getUpdates request; make sure that only one bot instance is running
2026-09-10 15:28:35,492 [WARNING] Sleep for 1.000000 seconds and try again... (tryings = 0, bot id = 8592188693)
2026-09-10 15:28:46,713 [INFO] Connection established (tryings = 1, bot id = 8592188693)
2026-09-10 15:29:32,888 [ERROR] Failed to fetch updates - TelegramConflictError: Telegram server says - Conflict: terminated by other getUpdates request; make sure that only one bot instance is running
2026-09-10 15:29:32,890 [WARNING] Sleep for 1.000000 seconds and try again... (tryings = 0, bot id = 8592188693)
2026-09-10 15:29:44,112 [INFO] Connection established (tryings = 1, bot id = 8592188693)
2026-09-10 15:30:40,786 [ERROR] Failed to fetch updates - TelegramConflictError: Telegram server says - Conflict: terminated by other getUpdates request; make sure that only one bot instance is running
2026-09-10 15:30:40,787 [WARNING] Sleep for 1.000000 seconds and try again... (tryings = 0, bot id = 8592188693)
2026-09-10 15:30:52,007 [INFO] Connection established (tryings = 1, bot id = 8592188693)
2026-09-10 15:31:49,097 [INFO] Update id=234503739 is not handled. Duration 2 ms by bot id=8592188693
2026-09-10 15:34:40,854 [INFO] 🏠 /start shown to user 974026313
2026-09-10 15:34:40,855 [INFO] Update id=234503740 is handled. Duration 1208 ms by bot id=8592188693
2026-09-10 15:34:52,616 [INFO] 📝 Draft #1 generated: category=system_design
2026-09-10 15:34:52,617 [INFO] Update id=234503741 is handled. Duration 436 ms by bot id=8592188693
2026-09-10 15:35:41,031 [INFO] ❌ Draft #1 skipped
2026-09-10 15:35:41,033 [INFO] Update id=234503742 is handled. Duration 1083 ms by bot id=8592188693
2026-09-10 15:36:12,441 [INFO] 📝 Draft #2 generated: category=laravel
2026-09-10 15:36:12,444 [INFO] Update id=234503743 is handled. Duration 1067 ms by bot id=8592188693
2026-09-10 15:36:40,740 [INFO] ❌ Draft #2 skipped
2026-09-10 15:36:40,741 [INFO] Update id=234503744 is handled. Duration 1098 ms by bot id=8592188693
2026-09-10 15:37:51,763 [INFO] Update id=234503745 is not handled. Duration 4 ms by bot id=8592188693
2026-09-10 15:39:46,246 [INFO] ⚙️ Status checked
2026-09-10 15:39:46,247 [INFO] Update id=234503746 is handled. Duration 1106 ms by bot id=8592188693
2026-09-10 15:40:14,572 [INFO] 🏠 /start shown to user 974026313
2026-09-10 15:40:14,574 [INFO] Update id=234503747 is handled. Duration 898 ms by bot id=8592188693
2026-09-10 15:40:41,299 [INFO] Update id=234503748 is not handled. Duration 5 ms by bot id=8592188693
2026-09-10 15:41:04,489 [INFO] ⚙️ Status checked
2026-09-10 15:41:04,491 [INFO] Update id=234503749 is handled. Duration 1039 ms by bot id=8592188693
2026-09-10 15:41:13,127 [INFO] Update id=234503750 is handled. Duration 428 ms by bot id=8592188693
2026-09-10 15:41:24,948 [INFO] 📝 Draft #3 generated: category=general
2026-09-10 15:41:24,950 [INFO] Update id=234503751 is handled. Duration 443 ms by bot id=8592188693
2026-09-10 15:41:46,815 [INFO] ❌ Draft #3 skipped
2026-09-10 15:41:46,816 [INFO] Update id=234503752 is handled. Duration 833 ms by bot id=8592188693
2026-09-10 15:41:55,248 [INFO] 📝 Draft #4 generated: category=devops
2026-09-10 15:41:55,250 [INFO] Update id=234503753 is handled. Duration 439 ms by bot id=8592188693
2026-09-10 15:42:20,960 [INFO] ✅ Draft #4 published
2026-09-10 15:42:20,962 [INFO] Update id=234503754 is handled. Duration 1056 ms by bot id=8592188693
2026-09-10 15:43:03,356 [INFO] Update id=234503755 is not handled. Duration 4 ms by bot id=8592188693
2026-09-10 15:43:20,664 [INFO] 📝 Draft #5 generated: category=performance
2026-09-10 15:43:20,666 [INFO] Update id=234503756 is handled. Duration 1080 ms by bot id=8592188693
2026-09-10 15:43:40,492 [INFO] ✅ Draft #5 published
2026-09-10 15:43:40,494 [INFO] Update id=234503757 is handled. Duration 879 ms by bot id=8592188693
2026-09-10 15:44:02,672 [INFO] 📊 Stats shown: total=2 published=2
2026-09-10 15:44:02,674 [INFO] Update id=234503758 is handled. Duration 874 ms by bot id=8592188693
2026-09-10 15:44:39,346 [INFO] 🏠 /start shown to user 974026313
2026-09-10 15:44:39,348 [INFO] Update id=234503759 is handled. Duration 1065 ms by bot id=8592188693
2026-09-10 15:45:21,533 [INFO] Update id=234503760 is not handled. Duration 6 ms by bot id=8592188693
2026-09-10 15:45:45,923 [INFO] Update id=234503761 is not handled. Duration 6 ms by bot id=8592188693
2026-09-10 15:46:04,773 [INFO] Update id=234503762 is not handled. Duration 8 ms by bot id=8592188693
2026-09-10 15:46:41,924 [INFO] Update id=234503763 is not handled. Duration 11 ms by bot id=8592188693
2026-09-10 15:48:36,015 [INFO] Update id=234503764 is not handled. Duration 10 ms by bot id=8592188693
2026-09-10 15:48:53,693 [INFO] Update id=234503765 is not handled. Duration 5 ms by bot id=8592188693
2026-09-10 15:50:16,378 [INFO] Update id=234503766 is not handled. Duration 9 ms by bot id=8592188693
2026-09-10 15:50:30,984 [INFO] Update id=234503767 is not handled. Duration 6 ms by bot id=8592188693
2026-09-10 16:00:02,410 [INFO] Update id=234503768 is not handled. Duration 4 ms by bot id=8592188693
2026-09-10 16:02:21,267 [ERROR] Failed to fetch updates - TelegramConflictError: Telegram server says - Conflict: terminated by other getUpdates request; make sure that only one bot instance is running
2026-09-10 16:02:21,269 [WARNING] Sleep for 1.000000 seconds and try again... (tryings = 0, bot id = 8592188693)
2026-09-10 16:02:32,495 [INFO] Connection established (tryings = 1, bot id = 8592188693)
2026-09-10 16:03:07,187 [ERROR] Failed to fetch updates - TelegramConflictError: Telegram server says - Conflict: terminated by other getUpdates request; make sure that only one bot instance is running
2026-09-10 16:03:07,189 [WARNING] Sleep for 1.000000 seconds and try again... (tryings = 0, bot id = 8592188693)
2026-09-10 16:03:18,405 [INFO] Connection established (tryings = 1, bot id = 8592188693)
2026-09-10 16:03:34,475 [ERROR] Failed to fetch updates - TelegramConflictError: Telegram server says - Conflict: terminated by other getUpdates request; make sure that only one bot instance is running
2026-09-10 16:03:34,477 [WARNING] Sleep for 1.000000 seconds and try again... (tryings = 0, bot id = 8592188693)
2026-09-10 16:03:45,700 [INFO] Connection established (tryings = 1, bot id = 8592188693)
2026-09-10 16:03:59,924 [INFO] Update id=234503769 is not handled. Duration 2 ms by bot id=8592188693
2026-09-10 16:04:11,867 [ERROR] Failed to fetch updates - TelegramConflictError: Telegram server says - Conflict: terminated by other getUpdates request; make sure that only one bot instance is running
2026-09-10 16:04:11,869 [WARNING] Sleep for 1.000000 seconds and try again... (tryings = 0, bot id = 8592188693)
2026-09-10 16:04:23,085 [INFO] Connection established (tryings = 1, bot id = 8592188693)
2026-09-10 16:04:59,237 [ERROR] Failed to fetch updates - TelegramConflictError: Telegram server says - Conflict: terminated by other getUpdates request; make sure that only one bot instance is running
2026-09-10 16:04:59,238 [WARNING] Sleep for 1.000000 seconds and try again... (tryings = 0, bot id = 8592188693)
2026-09-10 16:05:10,466 [INFO] Connection established (tryings = 1, bot id = 8592188693)
2026-09-10 16:06:01,929 [ERROR] Failed to fetch updates - TelegramConflictError: Telegram server says - Conflict: terminated by other getUpdates request; make sure that only one bot instance is running
2026-09-10 16:06:01,930 [WARNING] Sleep for 1.000000 seconds and try again... (tryings = 0, bot id = 8592188693)
2026-09-10 16:06:13,148 [INFO] Connection established (tryings = 1, bot id = 8592188693)
2026-09-10 16:07:11,397 [ERROR] Failed to fetch updates - TelegramConflictError: Telegram server says - Conflict: terminated by other getUpdates request; make sure that only one bot instance is running
2026-09-10 16:07:11,399 [WARNING] Sleep for 1.000000 seconds and try again... (tryings = 0, bot id = 8592188693)
2026-09-10 16:07:18,109 [WARNING] Received SIGTERM signal
2026-09-10 16:07:18,112 [INFO] Polling stopped for bot @agentaisix_bot id=8592188693 - 'Agent AI Kilua'
2026-09-10 16:07:18,113 [INFO] Polling stopped
2026-09-10 16:07:18,114 [INFO] 🛑 Bot shutting down...
2026-09-10 16:14:47,383 [INFO] ✅ Handlers registered: /start + 3 topic routers
2026-09-10 16:14:47,383 [INFO] 🚀 Starting bot loop...
2026-09-10 16:14:53,510 [INFO] 🤖 Agent AI Kilua (@agentaisix_bot) started
2026-09-10 16:14:54,053 [INFO] 📱 Connected to chat: IG SIXZUPER (-1003934372713)
2026-09-10 16:14:54,055 [INFO] 👥 Allowed users: 2
2026-09-10 16:14:54,056 [INFO] Start polling
2026-09-10 16:14:54,057 [INFO] Run polling for bot @agentaisix_bot id=8592188693 - 'Agent AI Kilua'
2026-09-10 16:15:17,067 [ERROR] Failed to fetch updates - TelegramConflictError: Telegram server says - Conflict: terminated by other getUpdates request; make sure that only one bot instance is running
2026-09-10 16:15:17,069 [WARNING] Sleep for 1.000000 seconds and try again... (tryings = 0, bot id = 8592188693)
2026-09-10 16:15:28,282 [INFO] Connection established (tryings = 1, bot id = 8592188693)
2026-09-10 16:15:54,420 [ERROR] Failed to fetch updates - TelegramConflictError: Telegram server says - Conflict: terminated by other getUpdates request; make sure that only one bot instance is running
2026-09-10 16:15:54,421 [WARNING] Sleep for 1.000000 seconds and try again... (tryings = 0, bot id = 8592188693)
2026-09-10 16:16:05,645 [INFO] Connection established (tryings = 1, bot id = 8592188693)
2026-09-10 16:16:41,797 [ERROR] Failed to fetch updates - TelegramConflictError: Telegram server says - Conflict: terminated by other getUpdates request; make sure that only one bot instance is running
2026-09-10 16:16:41,800 [WARNING] Sleep for 1.000000 seconds and try again... (tryings = 0, bot id = 8592188693)
2026-09-10 16:16:52,705 [INFO] Connection established (tryings = 1, bot id = 8592188693)
2026-09-10 16:16:52,717 [INFO] Update id=234503773 is not handled. Duration 3 ms by bot id=8592188693
2026-09-10 16:17:39,158 [ERROR] Failed to fetch updates - TelegramConflictError: Telegram server says - Conflict: terminated by other getUpdates request; make sure that only one bot instance is running
2026-09-10 16:17:39,161 [WARNING] Sleep for 1.000000 seconds and try again... (tryings = 0, bot id = 8592188693)
2026-09-10 16:17:50,385 [INFO] Connection established (tryings = 1, bot id = 8592188693)
2026-09-10 16:18:46,536 [ERROR] Failed to fetch updates - TelegramConflictError: Telegram server says - Conflict: terminated by other getUpdates request; make sure that only one bot instance is running
2026-09-10 16:18:46,539 [WARNING] Sleep for 1.000000 seconds and try again... (tryings = 0, bot id = 8592188693)
2026-09-10 16:18:53,674 [WARNING] Received SIGTERM signal
2026-09-10 16:18:53,677 [INFO] Polling stopped for bot @agentaisix_bot id=8592188693 - 'Agent AI Kilua'
2026-09-10 16:18:53,678 [INFO] Polling stopped
2026-09-10 16:18:53,679 [INFO] 🛑 Bot shutting down...
2026-09-12 10:15:14 [INFO] Loading drafts from ig_draft_20260912_20260912_101159.json (3 posts)
2026-09-12 10:15:15 [INFO] Header delivered to topic #3 (msg_id=417)
2026-09-12 10:15:16 [INFO] Delivered post 08:00 WIB WIB (msg_id=418)
2026-09-12 10:15:17 [INFO] Delivered post 13:00 WIB WIB (msg_id=419)
2026-09-12 10:15:19 [INFO] Delivered post 19:00 WIB WIB (msg_id=420)
2026-09-12 10:15:20 [INFO] Footer delivered (msg_id=421)
2026-09-12 10:15:20 [INFO] Queue updated: 11 total entries
2026-09-12 22:39:14,912 [INFO] ✅ Handlers registered: /start + 3 topic routers
2026-09-12 22:39:14,913 [INFO] 🚀 Starting bot loop...
2026-09-12 22:39:15,607 [INFO] 🤖 Agent AI Kilua (@agentaisix_bot) started
2026-09-12 22:39:16,156 [INFO] 📱 Connected to chat: IG SIXZUPER (-1003934372713)
2026-09-12 22:39:16,158 [INFO] 👥 Allowed users: 2
2026-09-12 22:39:16,159 [INFO] Start polling
2026-09-12 22:39:16,160 [INFO] Run polling for bot @agentaisix_bot id=8592188693 - 'Agent AI Kilua'
2026-09-12 22:39:39,474 [ERROR] Failed to fetch updates - TelegramConflictError: Telegram server says - Conflict: terminated by other getUpdates request; make sure that only one bot instance is running
2026-09-12 22:39:39,475 [WARNING] Sleep for 1.000000 seconds and try again... (tryings = 0, bot id = 8592188693)
2026-09-12 22:39:50,690 [INFO] Connection established (tryings = 1, bot id = 8592188693)
2026-09-12 22:40:13,808 [INFO] Update id=234503934 is not handled. Duration 5 ms by bot id=8592188693
2026-09-12 22:40:16,779 [ERROR] Failed to fetch updates - TelegramConflictError: Telegram server says - Conflict: terminated by other getUpdates request; make sure that only one bot instance is running
2026-09-12 22:40:16,781 [WARNING] Sleep for 1.000000 seconds and try again... (tryings = 0, bot id = 8592188693)
2026-09-12 22:40:28,002 [INFO] Connection established (tryings = 1, bot id = 8592188693)
2026-09-12 22:41:04,208 [ERROR] Failed to fetch updates - TelegramConflictError: Telegram server says - Conflict: terminated by other getUpdates request; make sure that only one bot instance is running
2026-09-12 22:41:04,211 [WARNING] Sleep for 1.000000 seconds and try again... (tryings = 0, bot id = 8592188693)
2026-09-12 22:41:15,443 [INFO] Connection established (tryings = 1, bot id = 8592188693)
2026-09-12 22:41:16,182 [INFO] Update id=234503935 is not handled. Duration 5 ms by bot id=8592188693
2026-09-12 22:42:01,631 [ERROR] Failed to fetch updates - TelegramConflictError: Telegram server says - Conflict: terminated by other getUpdates request; make sure that only one bot instance is running
2026-09-12 22:42:01,633 [WARNING] Sleep for 1.000000 seconds and try again... (tryings = 0, bot id = 8592188693)
2026-09-12 22:42:12,855 [INFO] Connection established (tryings = 1, bot id = 8592188693)
2026-09-12 22:43:08,979 [ERROR] Failed to fetch updates - TelegramConflictError: Telegram server says - Conflict: terminated by other getUpdates request; make sure that only one bot instance is running
2026-09-12 22:43:08,981 [WARNING] Sleep for 1.000000 seconds and try again... (tryings = 0, bot id = 8592188693)
2026-09-12 22:43:15,048 [WARNING] Received SIGTERM signal
2026-09-12 22:43:15,050 [INFO] Polling stopped for bot @agentaisix_bot id=8592188693 - 'Agent AI Kilua'
2026-09-12 22:43:15,052 [INFO] Polling stopped
2026-09-12 22:43:15,053 [INFO] 🛑 Bot shutting down...
2026-09-12 22:49:38,342 [INFO] ✅ Handlers registered: /start + 3 topic routers
2026-09-12 22:49:38,342 [INFO] 🚀 Starting bot loop...
2026-09-12 22:49:39,081 [INFO] 🤖 Agent AI Kilua (@agentaisix_bot) started
2026-09-12 22:49:39,646 [INFO] 📱 Connected to chat: IG SIXZUPER (-1003934372713)
2026-09-12 22:49:39,647 [INFO] 👥 Allowed users: 2
2026-09-12 22:49:39,649 [INFO] Start polling
2026-09-12 22:49:39,650 [INFO] Run polling for bot @agentaisix_bot id=8592188693 - 'Agent AI Kilua'
2026-09-12 22:49:49,955 [INFO] Update id=234503940 is not handled. Duration 2 ms by bot id=8592188693
2026-09-12 22:50:03,007 [ERROR] Failed to fetch updates - TelegramConflictError: Telegram server says - Conflict: terminated by other getUpdates request; make sure that only one bot instance is running
2026-09-12 22:50:03,007 [WARNING] Sleep for 1.000000 seconds and try again... (tryings = 0, bot id = 8592188693)
2026-09-12 22:50:14,231 [INFO] Connection established (tryings = 1, bot id = 8592188693)
2026-09-12 22:50:40,352 [ERROR] Failed to fetch updates - TelegramConflictError: Telegram server says - Conflict: terminated by other getUpdates request; make sure that only one bot instance is running
2026-09-12 22:50:40,353 [WARNING] Sleep for 1.000000 seconds and try again... (tryings = 0, bot id = 8592188693)
2026-09-12 22:50:51,578 [INFO] Connection established (tryings = 1, bot id = 8592188693)
2026-09-12 22:51:27,702 [ERROR] Failed to fetch updates - TelegramConflictError: Telegram server says - Conflict: terminated by other getUpdates request; make sure that only one bot instance is running
2026-09-12 22:51:27,704 [WARNING] Sleep for 1.000000 seconds and try again... (tryings = 0, bot id = 8592188693)
2026-09-12 22:51:38,938 [INFO] Connection established (tryings = 1, bot id = 8592188693)
2026-09-12 22:52:25,335 [ERROR] Failed to fetch updates - TelegramConflictError: Telegram server says - Conflict: terminated by other getUpdates request; make sure that only one bot instance is running
2026-09-12 22:52:25,337 [WARNING] Sleep for 1.000000 seconds and try again... (tryings = 0, bot id = 8592188693)
2026-09-12 22:52:36,568 [INFO] Connection established (tryings = 1, bot id = 8592188693)
2026-09-12 22:53:32,695 [ERROR] Failed to fetch updates - TelegramConflictError: Telegram server says - Conflict: terminated by other getUpdates request; make sure that only one bot instance is running
2026-09-12 22:53:32,697 [WARNING] Sleep for 1.000000 seconds and try again... (tryings = 0, bot id = 8592188693)
2026-09-12 22:53:38,782 [WARNING] Received SIGTERM signal
2026-09-12 22:53:38,785 [INFO] Polling stopped for bot @agentaisix_bot id=8592188693 - 'Agent AI Kilua'
2026-09-12 22:53:38,786 [INFO] Polling stopped
2026-09-12 22:53:38,787 [INFO] 🛑 Bot shutting down...
2026-09-13 05:11:17,007 [INFO] ✅ Handlers registered: /start + 3 topic routers
2026-09-13 05:11:17,007 [INFO] 🚀 Starting bot loop...
2026-09-13 05:11:17,747 [INFO] 🤖 Agent AI Kilua (@agentaisix_bot) started
2026-09-13 05:11:18,283 [INFO] 📱 Connected to chat: IG SIXZUPER (-1003934372713)
2026-09-13 05:11:18,285 [INFO] 👥 Allowed users: 2
2026-09-13 05:11:18,286 [INFO] Start polling
2026-09-13 05:11:18,287 [INFO] Run polling for bot @agentaisix_bot id=8592188693 - 'Agent AI Kilua'
2026-09-13 05:11:41,121 [ERROR] Failed to fetch updates - TelegramConflictError: Telegram server says - Conflict: terminated by other getUpdates request; make sure that only one bot instance is running
2026-09-13 05:11:41,122 [WARNING] Sleep for 1.000000 seconds and try again... (tryings = 0, bot id = 8592188693)
2026-09-13 05:11:52,408 [INFO] Connection established (tryings = 1, bot id = 8592188693)
2026-09-13 05:12:18,402 [ERROR] Failed to fetch updates - TelegramConflictError: Telegram server says - Conflict: terminated by other getUpdates request; make sure that only one bot instance is running
2026-09-13 05:12:18,403 [WARNING] Sleep for 1.000000 seconds and try again... (tryings = 0, bot id = 8592188693)
2026-09-13 05:12:29,620 [INFO] Connection established (tryings = 1, bot id = 8592188693)
2026-09-13 05:13:08,010 [ERROR] Failed to fetch updates - TelegramConflictError: Telegram server says - Conflict: terminated by other getUpdates request; make sure that only one bot instance is running
2026-09-13 05:13:08,013 [WARNING] Sleep for 1.000000 seconds and try again... (tryings = 0, bot id = 8592188693)
2026-09-13 05:13:19,243 [INFO] Connection established (tryings = 1, bot id = 8592188693)
2026-09-13 05:14:06,761 [ERROR] Failed to fetch updates - TelegramConflictError: Telegram server says - Conflict: terminated by other getUpdates request; make sure that only one bot instance is running
2026-09-13 05:14:06,764 [WARNING] Sleep for 1.000000 seconds and try again... (tryings = 0, bot id = 8592188693)
2026-09-13 05:14:18,000 [INFO] Connection established (tryings = 1, bot id = 8592188693)
2026-09-13 05:15:15,514 [ERROR] Failed to fetch updates - TelegramConflictError: Telegram server says - Conflict: terminated by other getUpdates request; make sure that only one bot instance is running
2026-09-13 05:15:15,516 [WARNING] Sleep for 1.000000 seconds and try again... (tryings = 0, bot id = 8592188693)
2026-09-13 05:15:21,645 [WARNING] Received SIGTERM signal
2026-09-13 05:15:21,648 [INFO] Polling stopped for bot @agentaisix_bot id=8592188693 - 'Agent AI Kilua'
2026-09-13 05:15:21,650 [INFO] Polling stopped
2026-09-13 05:15:21,651 [INFO] 🛑 Bot shutting down...
2026-09-13 05:21:22,384 [INFO] ✅ Handlers registered: /start + 3 topic routers
2026-09-13 05:21:22,385 [INFO] 🚀 Starting bot loop...
2026-09-13 05:21:23,091 [INFO] 🤖 Agent AI Kilua (@agentaisix_bot) started
2026-09-13 05:21:23,645 [INFO] 📱 Connected to chat: IG SIXZUPER (-1003934372713)
2026-09-13 05:21:23,646 [INFO] 👥 Allowed users: 2
2026-09-13 05:21:23,647 [INFO] Start polling
2026-09-13 05:21:23,648 [INFO] Run polling for bot @agentaisix_bot id=8592188693 - 'Agent AI Kilua'
2026-09-13 05:21:46,582 [ERROR] Failed to fetch updates - TelegramConflictError: Telegram server says - Conflict: terminated by other getUpdates request; make sure that only one bot instance is running
2026-09-13 05:21:46,583 [WARNING] Sleep for 1.000000 seconds and try again... (tryings = 0, bot id = 8592188693)
2026-09-13 05:21:57,800 [INFO] Connection established (tryings = 1, bot id = 8592188693)
2026-09-13 05:22:23,973 [ERROR] Failed to fetch updates - TelegramConflictError: Telegram server says - Conflict: terminated by other getUpdates request; make sure that only one bot instance is running
2026-09-13 05:22:23,976 [WARNING] Sleep for 1.000000 seconds and try again... (tryings = 0, bot id = 8592188693)
2026-09-13 05:22:35,196 [INFO] Connection established (tryings = 1, bot id = 8592188693)
2026-09-13 05:23:10,941 [ERROR] Failed to fetch updates - TelegramConflictError: Telegram server says - Conflict: terminated by other getUpdates request; make sure that only one bot instance is running
2026-09-13 05:23:10,943 [WARNING] Sleep for 1.000000 seconds and try again... (tryings = 0, bot id = 8592188693)
2026-09-13 05:23:22,163 [INFO] Connection established (tryings = 1, bot id = 8592188693)
2026-09-13 05:23:28,419 [INFO] Update id=234503983 is not handled. Duration 6 ms by bot id=8592188693
2026-09-13 05:24:03,965 [WARNING] Received SIGTERM signal
2026-09-13 05:24:03,969 [INFO] Polling stopped for bot @agentaisix_bot id=8592188693 - 'Agent AI Kilua'
2026-09-13 05:24:03,971 [INFO] Polling stopped
2026-09-13 05:24:03,972 [INFO] 🛑 Bot shutting down...
2026-09-13 05:25:43,168 [INFO] ✅ Handlers registered: /start + 3 topic routers
2026-09-13 05:25:43,169 [INFO] 🚀 Starting bot loop...
2026-09-13 05:25:43,911 [INFO] 🤖 Agent AI Kilua (@agentaisix_bot) started
2026-09-13 05:25:44,453 [INFO] 📱 Connected to chat: IG SIXZUPER (-1003934372713)
2026-09-13 05:25:44,454 [INFO] 👥 Allowed users: 2
2026-09-13 05:25:44,455 [INFO] Start polling
2026-09-13 05:25:44,457 [INFO] Run polling for bot @agentaisix_bot id=8592188693 - 'Agent AI Kilua'
2026-09-13 05:25:45,413 [ERROR] Failed to fetch updates - TelegramConflictError: Telegram server says - Conflict: terminated by other getUpdates request; make sure that only one bot instance is running
2026-09-13 05:25:45,414 [WARNING] Sleep for 1.000000 seconds and try again... (tryings = 0, bot id = 8592188693)
2026-09-13 05:26:23,227 [INFO] ✅ Handlers registered: /start + 3 topic routers
2026-09-13 05:26:23,228 [INFO] 🚀 Starting bot loop...
2026-09-13 05:26:23,939 [INFO] 🤖 Agent AI Kilua (@agentaisix_bot) started
2026-09-13 05:26:24,272 [INFO] 📱 Connected to chat: IG SIXZUPER (-1003934372713)
2026-09-13 05:26:24,274 [INFO] 👥 Allowed users: 2
2026-09-13 05:26:24,275 [INFO] Start polling
2026-09-13 05:26:24,276 [INFO] Run polling for bot @agentaisix_bot id=8592188693 - 'Agent AI Kilua'
2026-09-13 05:26:47,104 [ERROR] Failed to fetch updates - TelegramConflictError: Telegram server says - Conflict: terminated by other getUpdates request; make sure that only one bot instance is running
2026-09-13 05:26:47,105 [WARNING] Sleep for 1.000000 seconds and try again... (tryings = 0, bot id = 8592188693)
2026-09-13 05:26:58,331 [INFO] Connection established (tryings = 1, bot id = 8592188693)
2026-09-13 05:27:25,193 [ERROR] Failed to fetch updates - TelegramConflictError: Telegram server says - Conflict: terminated by other getUpdates request; make sure that only one bot instance is running
2026-09-13 05:27:25,193 [WARNING] Sleep for 1.000000 seconds and try again... (tryings = 0, bot id = 8592188693)
2026-09-13 05:27:36,418 [INFO] Connection established (tryings = 1, bot id = 8592188693)
2026-09-13 05:28:12,069 [ERROR] Failed to fetch updates - TelegramConflictError: Telegram server says - Conflict: terminated by other getUpdates request; make sure that only one bot instance is running
2026-09-13 05:28:12,070 [WARNING] Sleep for 1.000000 seconds and try again... (tryings = 0, bot id = 8592188693)
2026-09-13 05:28:23,292 [INFO] Connection established (tryings = 1, bot id = 8592188693)
2026-09-13 05:29:09,892 [ERROR] Failed to fetch updates - TelegramConflictError: Telegram server says - Conflict: terminated by other getUpdates request; make sure that only one bot instance is running
2026-09-13 05:29:09,895 [WARNING] Sleep for 1.000000 seconds and try again... (tryings = 0, bot id = 8592188693)
2026-09-13 05:29:21,140 [INFO] Connection established (tryings = 1, bot id = 8592188693)
2026-09-13 05:30:17,224 [ERROR] Failed to fetch updates - TelegramConflictError: Telegram server says - Conflict: terminated by other getUpdates request; make sure that only one bot instance is running
2026-09-13 05:30:17,225 [WARNING] Sleep for 1.000000 seconds and try again... (tryings = 0, bot id = 8592188693)
2026-09-13 05:30:28,453 [INFO] Connection established (tryings = 1, bot id = 8592188693)
2026-09-13 05:48:10,826 [INFO] Update id=234503984 is not handled. Duration 10 ms by bot id=8592188693
2026-09-13 06:20:03,217 [INFO] Update id=234503985 is not handled. Duration 7 ms by bot id=8592188693
2026-09-13 06:40:21,950 [ERROR] Failed to fetch updates - TelegramConflictError: Telegram server says - Conflict: terminated by other getUpdates request; make sure that only one bot instance is running
2026-09-13 06:40:21,952 [WARNING] Sleep for 1.000000 seconds and try again... (tryings = 0, bot id = 8592188693)
2026-09-13 06:40:33,270 [INFO] Connection established (tryings = 1, bot id = 8592188693)
2026-09-13 06:41:02,663 [ERROR] Failed to fetch updates - TelegramConflictError: Telegram server says - Conflict: terminated by other getUpdates request; make sure that only one bot instance is running
2026-09-13 06:41:02,664 [WARNING] Sleep for 1.000000 seconds and try again... (tryings = 0, bot id = 8592188693)
2026-09-13 06:41:13,880 [INFO] Connection established (tryings = 1, bot id = 8592188693)
2026-09-13 06:41:30,622 [ERROR] Failed to fetch updates - TelegramConflictError: Telegram server says - Conflict: terminated by other getUpdates request; make sure that only one bot instance is running
2026-09-13 06:41:30,624 [WARNING] Sleep for 1.000000 seconds and try again... (tryings = 0, bot id = 8592188693)
2026-09-13 06:41:41,846 [INFO] Connection established (tryings = 1, bot id = 8592188693)
2026-09-13 06:42:07,974 [ERROR] Failed to fetch updates - TelegramConflictError: Telegram server says - Conflict: terminated by other getUpdates request; make sure that only one bot instance is running
2026-09-13 06:42:07,976 [WARNING] Sleep for 1.000000 seconds and try again... (tryings = 0, bot id = 8592188693)
2026-09-13 06:42:19,205 [INFO] Connection established (tryings = 1, bot id = 8592188693)
2026-09-13 06:42:55,380 [ERROR] Failed to fetch updates - TelegramConflictError: Telegram server says - Conflict: terminated by other getUpdates request; make sure that only one bot instance is running
2026-09-13 06:42:55,383 [WARNING] Sleep for 1.000000 seconds and try again... (tryings = 0, bot id = 8592188693)
2026-09-13 06:43:06,614 [INFO] Connection established (tryings = 1, bot id = 8592188693)
2026-09-13 06:43:52,755 [ERROR] Failed to fetch updates - TelegramConflictError: Telegram server says - Conflict: terminated by other getUpdates request; make sure that only one bot instance is running
2026-09-13 06:43:52,758 [WARNING] Sleep for 1.000000 seconds and try again... (tryings = 0, bot id = 8592188693)
2026-09-13 06:44:03,993 [INFO] Connection established (tryings = 1, bot id = 8592188693)
2026-09-13 06:45:00,069 [ERROR] Failed to fetch updates - TelegramConflictError: Telegram server says - Conflict: terminated by other getUpdates request; make sure that only one bot instance is running
2026-09-13 06:45:00,071 [WARNING] Sleep for 1.000000 seconds and try again... (tryings = 0, bot id = 8592188693)
2026-09-13 06:45:06,158 [WARNING] Received SIGTERM signal
2026-09-13 06:45:06,160 [INFO] Polling stopped for bot @agentaisix_bot id=8592188693 - 'Agent AI Kilua'
2026-09-13 06:45:06,162 [INFO] Polling stopped
2026-09-13 06:45:06,163 [INFO] 🛑 Bot shutting down...
2026-09-13 07:08:01,610 [INFO] ✅ Handlers registered: /start + 3 topic routers
2026-09-13 07:08:01,611 [INFO] 🚀 Starting bot loop...
2026-09-13 07:08:02,326 [INFO] 🤖 Agent AI Kilua (@agentaisix_bot) started
2026-09-13 07:08:02,851 [INFO] 📱 Connected to chat: IG SIXZUPER (-1003934372713)
2026-09-13 07:08:02,852 [INFO] 👥 Allowed users: 2
2026-09-13 07:08:02,854 [INFO] Start polling
2026-09-13 07:08:02,855 [INFO] Run polling for bot @agentaisix_bot id=8592188693 - 'Agent AI Kilua'
2026-09-13 07:08:26,286 [ERROR] Failed to fetch updates - TelegramConflictError: Telegram server says - Conflict: terminated by other getUpdates request; make sure that only one bot instance is running
2026-09-13 07:08:26,287 [WARNING] Sleep for 1.000000 seconds and try again... (tryings = 0, bot id = 8592188693)
2026-09-13 07:08:56,091 [INFO] ✅ Handlers registered: /start + 3 topic routers
2026-09-13 07:08:56,092 [INFO] 🚀 Starting bot loop...
2026-09-13 07:08:56,876 [INFO] 🤖 Agent AI Kilua (@agentaisix_bot) started
2026-09-13 07:08:57,236 [INFO] 📱 Connected to chat: IG SIXZUPER (-1003934372713)
2026-09-13 07:08:57,237 [INFO] 👥 Allowed users: 2
2026-09-13 07:08:57,238 [INFO] Start polling
2026-09-13 07:08:57,240 [INFO] Run polling for bot @agentaisix_bot id=8592188693 - 'Agent AI Kilua'
2026-09-13 07:09:03,788 [ERROR] Failed to fetch updates - TelegramConflictError: Telegram server says - Conflict: terminated by other getUpdates request; make sure that only one bot instance is running
2026-09-13 07:09:03,789 [WARNING] Sleep for 1.000000 seconds and try again... (tryings = 0, bot id = 8592188693)
2026-09-13 07:09:15,019 [INFO] Connection established (tryings = 1, bot id = 8592188693)
2026-09-13 07:09:41,998 [INFO] ✅ Handlers registered: /start + 3 topic routers
2026-09-13 07:09:41,999 [INFO] 🚀 Starting bot loop...
2026-09-13 07:09:42,745 [INFO] 🤖 Agent AI Kilua (@agentaisix_bot) started
2026-09-13 07:09:43,346 [INFO] 📱 Connected to chat: IG SIXZUPER (-1003934372713)
2026-09-13 07:09:43,347 [INFO] 👥 Allowed users: 2
2026-09-13 07:09:43,348 [INFO] Start polling
2026-09-13 07:09:43,350 [INFO] Run polling for bot @agentaisix_bot id=8592188693 - 'Agent AI Kilua'
2026-09-13 07:09:51,320 [ERROR] Failed to fetch updates - TelegramConflictError: Telegram server says - Conflict: terminated by other getUpdates request; make sure that only one bot instance is running
2026-09-13 07:09:51,321 [WARNING] Sleep for 1.000000 seconds and try again... (tryings = 0, bot id = 8592188693)
2026-09-13 07:10:02,555 [INFO] Connection established (tryings = 1, bot id = 8592188693)
2026-09-13 07:10:48,224 [ERROR] Failed to fetch updates - TelegramConflictError: Telegram server says - Conflict: terminated by other getUpdates request; make sure that only one bot instance is running
2026-09-13 07:10:48,225 [WARNING] Sleep for 1.000000 seconds and try again... (tryings = 0, bot id = 8592188693)
2026-09-13 07:11:00,192 [INFO] Connection established (tryings = 1, bot id = 8592188693)
2026-09-13 07:11:55,917 [ERROR] Failed to fetch updates - TelegramConflictError: Telegram server says - Conflict: terminated by other getUpdates request; make sure that only one bot instance is running
2026-09-13 07:11:55,920 [WARNING] Sleep for 1.000000 seconds and try again... (tryings = 0, bot id = 8592188693)
2026-09-13 07:13:49,480 [INFO] ✅ Handlers registered: /start + 3 topic routers
2026-09-13 07:13:49,481 [INFO] 🚀 Starting bot loop...
2026-09-13 07:13:50,168 [INFO] 🤖 Agent AI Kilua (@agentaisix_bot) started
2026-09-13 07:13:50,690 [INFO] 📱 Connected to chat: IG SIXZUPER (-1003934372713)
2026-09-13 07:13:50,691 [INFO] 👥 Allowed users: 2
2026-09-13 07:13:50,692 [INFO] Start polling
2026-09-13 07:13:50,694 [INFO] Run polling for bot @agentaisix_bot id=8592188693 - 'Agent AI Kilua'
2026-09-13 07:13:56,120 [ERROR] Failed to fetch updates - TelegramConflictError: Telegram server says - Conflict: terminated by other getUpdates request; make sure that only one bot instance is running
2026-09-13 07:13:56,121 [WARNING] Sleep for 1.000000 seconds and try again... (tryings = 0, bot id = 8592188693)
2026-09-13 07:14:07,339 [INFO] Connection established (tryings = 1, bot id = 8592188693)
2026-09-13 07:14:16,619 [ERROR] Failed to fetch updates - TelegramConflictError: Telegram server says - Conflict: terminated by other getUpdates request; make sure that only one bot instance is running
2026-09-13 07:14:16,620 [WARNING] Sleep for 1.000000 seconds and try again... (tryings = 0, bot id = 8592188693)
2026-09-13 07:14:27,834 [INFO] Connection established (tryings = 1, bot id = 8592188693)
2026-09-13 07:14:53,549 [ERROR] Failed to fetch updates - TelegramConflictError: Telegram server says - Conflict: terminated by other getUpdates request; make sure that only one bot instance is running
2026-09-13 07:14:53,551 [WARNING] Sleep for 1.000000 seconds and try again... (tryings = 0, bot id = 8592188693)
2026-09-13 07:15:04,773 [INFO] Connection established (tryings = 1, bot id = 8592188693)
2026-09-13 07:15:40,850 [ERROR] Failed to fetch updates - TelegramConflictError: Telegram server says - Conflict: terminated by other getUpdates request; make sure that only one bot instance is running
2026-09-13 07:15:40,854 [WARNING] Sleep for 1.000000 seconds and try again... (tryings = 0, bot id = 8592188693)
2026-09-13 07:15:46,618 [INFO] Connection established (tryings = 1, bot id = 8592188693)
2026-09-13 07:15:46,630 [INFO] Update id=234503990 is not handled. Duration 6 ms by bot id=8592188693
2026-09-13 07:16:31,470 [WARNING] Received SIGTERM signal
2026-09-13 07:16:31,474 [INFO] Polling stopped for bot @agentaisix_bot id=8592188693 - 'Agent AI Kilua'
2026-09-13 07:16:31,477 [INFO] Polling stopped
2026-09-13 07:16:31,478 [INFO] 🛑 Bot shutting down...
2026-09-13 07:18:27,018 [INFO] ✅ Handlers registered: /start + 3 topic routers
2026-09-13 07:18:27,019 [INFO] 🚀 Starting bot loop...
2026-09-13 07:18:27,751 [INFO] 🤖 Agent AI Kilua (@agentaisix_bot) started
2026-09-13 07:18:28,291 [INFO] 📱 Connected to chat: IG SIXZUPER (-1003934372713)
2026-09-13 07:18:28,293 [INFO] 👥 Allowed users: 2
2026-09-13 07:18:28,294 [INFO] Start polling
2026-09-13 07:18:28,296 [INFO] Run polling for bot @agentaisix_bot id=8592188693 - 'Agent AI Kilua'
2026-09-13 07:18:51,093 [ERROR] Failed to fetch updates - TelegramConflictError: Telegram server says - Conflict: terminated by other getUpdates request; make sure that only one bot instance is running
2026-09-13 07:18:51,094 [WARNING] Sleep for 1.000000 seconds and try again... (tryings = 0, bot id = 8592188693)
2026-09-13 07:19:02,320 [INFO] Connection established (tryings = 1, bot id = 8592188693)
2026-09-13 07:19:27,927 [ERROR] Failed to fetch updates - TelegramConflictError: Telegram server says - Conflict: terminated by other getUpdates request; make sure that only one bot instance is running
2026-09-13 07:19:27,930 [WARNING] Sleep for 1.000000 seconds and try again... (tryings = 0, bot id = 8592188693)
2026-09-13 07:20:37,687 [INFO] ✅ Handlers registered: /start + 3 topic routers
2026-09-13 07:20:37,688 [INFO] 🚀 Starting bot loop...
2026-09-13 07:20:38,395 [INFO] 🤖 Agent AI Kilua (@agentaisix_bot) started
2026-09-13 07:20:38,918 [INFO] 📱 Connected to chat: IG SIXZUPER (-1003934372713)
2026-09-13 07:20:38,919 [INFO] 👥 Allowed users: 2
2026-09-13 07:20:38,920 [INFO] Start polling
2026-09-13 07:20:38,921 [INFO] Run polling for bot @agentaisix_bot id=8592188693 - 'Agent AI Kilua'
2026-09-13 07:21:02,257 [ERROR] Failed to fetch updates - TelegramConflictError: Telegram server says - Conflict: terminated by other getUpdates request; make sure that only one bot instance is running
2026-09-13 07:21:02,258 [WARNING] Sleep for 1.000000 seconds and try again... (tryings = 0, bot id = 8592188693)
2026-09-13 07:21:13,467 [INFO] Connection established (tryings = 1, bot id = 8592188693)
2026-09-13 07:21:39,109 [ERROR] Failed to fetch updates - TelegramConflictError: Telegram server says - Conflict: terminated by other getUpdates request; make sure that only one bot instance is running
2026-09-13 07:21:39,110 [WARNING] Sleep for 1.000000 seconds and try again... (tryings = 0, bot id = 8592188693)
2026-09-13 07:23:36,493 [INFO] ✅ Handlers registered: /start + 3 topic routers
2026-09-13 07:23:36,494 [INFO] 🚀 Starting bot via webhook (conflict-free)...
2026-09-13 07:25:22,009 [INFO] ✅ Handlers registered: /start + 3 topic routers
2026-09-13 07:25:22,010 [INFO] 🚀 Starting bot loop...
2026-09-13 07:25:23,941 [INFO] 🤖 Agent AI Kilua (@agentaisix_bot) started
2026-09-13 07:25:24,467 [INFO] 📱 Connected to chat: IG SIXZUPER (-1003934372713)
2026-09-13 07:25:24,468 [INFO] 👥 Allowed users: 2
2026-09-13 07:25:24,469 [INFO] Start polling
2026-09-13 07:25:24,471 [INFO] Run polling for bot @agentaisix_bot id=8592188693 - 'Agent AI Kilua'
2026-09-13 07:25:56,184 [INFO] ✅ Handlers registered: /start + 3 topic routers
2026-09-13 07:25:56,185 [INFO] 🚀 Starting bot loop...
2026-09-13 07:25:56,890 [INFO] 🤖 Agent AI Kilua (@agentaisix_bot) started
2026-09-13 07:25:57,212 [INFO] 📱 Connected to chat: IG SIXZUPER (-1003934372713)
2026-09-13 07:25:57,214 [INFO] 👥 Allowed users: 2
2026-09-13 07:25:57,215 [INFO] Start polling
2026-09-13 07:25:57,216 [INFO] Run polling for bot @agentaisix_bot id=8592188693 - 'Agent AI Kilua'
2026-09-13 07:26:30,539 [ERROR] Failed to fetch updates - TelegramConflictError: Telegram server says - Conflict: terminated by other getUpdates request; make sure that only one bot instance is running
2026-09-13 07:26:30,540 [WARNING] Sleep for 1.000000 seconds and try again... (tryings = 0, bot id = 8592188693)
2026-09-13 07:26:41,750 [INFO] Connection established (tryings = 1, bot id = 8592188693)
2026-09-13 07:27:17,462 [ERROR] Failed to fetch updates - TelegramConflictError: Telegram server says - Conflict: terminated by other getUpdates request; make sure that only one bot instance is running
2026-09-13 07:27:17,464 [WARNING] Sleep for 1.000000 seconds and try again... (tryings = 0, bot id = 8592188693)
2026-09-13 07:27:28,683 [INFO] Connection established (tryings = 1, bot id = 8592188693)
2026-09-13 07:31:42,315 [INFO] ✅ Handlers registered: /start + 3 topic routers
2026-09-13 07:31:42,316 [INFO] 🚀 Starting bot loop...
2026-09-13 07:31:42,990 [INFO] 🤖 Agent AI Kilua (@agentaisix_bot) started
2026-09-13 07:31:42,991 [INFO] 📱 Connected to chat: IG SIXZUPER (-1003934372713)
2026-09-13 07:31:42,993 [INFO] 👥 Allowed users: 2
2026-09-13 07:31:42,994 [INFO] 🔗 Webhook URL: https://hermes.nousresearch.com/webhook/8592188693:AAHWFpRPLHQKTX_S3h_jI3Fyabdd9G7aO3Y
2026-09-13 07:31:42,995 [INFO] Start polling
2026-09-13 07:31:42,998 [INFO] Run polling for bot @agentaisix_bot id=8592188693 - 'Agent AI Kilua'
2026-09-13 07:32:06,305 [ERROR] Failed to fetch updates - TelegramConflictError: Telegram server says - Conflict: terminated by other getUpdates request; make sure that only one bot instance is running
2026-09-13 07:32:06,306 [WARNING] Sleep for 1.000000 seconds and try again... (tryings = 0, bot id = 8592188693)
2026-09-13 07:32:17,512 [INFO] Connection established (tryings = 1, bot id = 8592188693)
2026-09-13 07:32:43,565 [ERROR] Failed to fetch updates - TelegramConflictError: Telegram server says - Conflict: terminated by other getUpdates request; make sure that only one bot instance is running
2026-09-13 07:32:43,566 [WARNING] Sleep for 1.000000 seconds and try again... (tryings = 0, bot id = 8592188693)
2026-09-13 07:32:54,782 [INFO] Connection established (tryings = 1, bot id = 8592188693)
2026-09-13 07:33:30,491 [ERROR] Failed to fetch updates - TelegramConflictError: Telegram server says - Conflict: terminated by other getUpdates request; make sure that only one bot instance is running
2026-09-13 07:33:30,494 [WARNING] Sleep for 1.000000 seconds and try again... (tryings = 0, bot id = 8592188693)
2026-09-13 07:33:41,710 [INFO] Connection established (tryings = 1, bot id = 8592188693)
2026-09-13 07:34:44,804 [INFO] ✅ Handlers registered: /start + 3 topic routers
2026-09-13 07:34:44,804 [INFO] 🚀 Starting bot loop...
2026-09-13 07:34:45,531 [INFO] 🤖 Agent AI Kilua (@agentaisix_bot) started
2026-09-13 07:34:45,533 [INFO] 📱 Connected to chat: IG SIXZUPER (-1003934372713)
2026-09-13 07:34:45,536 [INFO] 👥 Allowed users: 2
2026-09-13 07:34:45,538 [INFO] 🔗 Webhook URL: https://hermes.nousresearch.com/webhook/8592188693:AAHWFpRPLHQKTX_S3h_jI3Fyabdd9G7aO3Y
2026-09-13 07:34:45,539 [INFO] Start polling
2026-09-13 07:34:45,540 [INFO] Run polling for bot @agentaisix_bot id=8592188693 - 'Agent AI Kilua'
2026-09-13 07:35:08,973 [ERROR] Failed to fetch updates - TelegramConflictError: Telegram server says - Conflict: terminated by other getUpdates request; make sure that only one bot instance is running
2026-09-13 07:35:08,974 [WARNING] Sleep for 1.000000 seconds and try again... (tryings = 0, bot id = 8592188693)
2026-09-13 07:35:20,194 [INFO] Connection established (tryings = 1, bot id = 8592188693)
2026-09-13 07:35:46,355 [ERROR] Failed to fetch updates - TelegramConflictError: Telegram server says - Conflict: terminated by other getUpdates request; make sure that only one bot instance is running
2026-09-13 07:35:46,357 [WARNING] Sleep for 1.000000 seconds and try again... (tryings = 0, bot id = 8592188693)
2026-09-13 07:35:57,591 [INFO] Connection established (tryings = 1, bot id = 8592188693)
2026-09-13 07:36:33,978 [ERROR] Failed to fetch updates - TelegramConflictError: Telegram server says - Conflict: terminated by other getUpdates request; make sure that only one bot instance is running
2026-09-13 07:36:33,981 [WARNING] Sleep for 1.000000 seconds and try again... (tryings = 0, bot id = 8592188693)
2026-09-13 07:36:45,207 [INFO] Connection established (tryings = 1, bot id = 8592188693)
2026-09-13 07:37:31,385 [ERROR] Failed to fetch updates - TelegramConflictError: Telegram server says - Conflict: terminated by other getUpdates request; make sure that only one bot instance is running
2026-09-13 07:37:31,387 [WARNING] Sleep for 1.000000 seconds and try again... (tryings = 0, bot id = 8592188693)
2026-09-13 07:37:42,618 [INFO] Connection established (tryings = 1, bot id = 8592188693)
2026-09-13 07:38:38,764 [ERROR] Failed to fetch updates - TelegramConflictError: Telegram server says - Conflict: terminated by other getUpdates request; make sure that only one bot instance is running
2026-09-13 07:38:38,767 [WARNING] Sleep for 1.000000 seconds and try again... (tryings = 0, bot id = 8592188693)
2026-09-13 07:38:45,750 [WARNING] Received SIGTERM signal
2026-09-13 07:38:45,752 [INFO] Polling stopped for bot @agentaisix_bot id=8592188693 - 'Agent AI Kilua'
2026-09-13 07:38:45,754 [INFO] Polling stopped
2026-09-13 07:38:45,754 [INFO] 🛑 Bot shutting down...
2026-09-13 10:06:01 [INFO] Loading drafts from ig_draft_20260913.json (3 posts)
2026-09-13 10:06:03 [INFO] Header delivered to topic #3 (msg_id=726)
2026-09-13 10:06:05 [INFO] Delivered post 08:00 WIB WIB (msg_id=727)
2026-09-13 10:06:07 [INFO] Delivered post 13:00 WIB WIB (msg_id=728)
2026-09-13 10:06:09 [INFO] Delivered post 19:00 WIB WIB (msg_id=729)
2026-09-13 10:06:10 [INFO] Footer delivered (msg_id=730)
2026-09-13 10:06:10 [INFO] Queue updated: 15 total entries
2026-09-14 10:05:01 [INFO] Loading drafts from ig_draft_20260914.json (3 posts)
2026-09-14 10:05:02 [INFO] Header delivered to topic #3 (msg_id=742)
2026-09-14 10:05:03 [INFO] Delivered post 08:00 WIB WIB (msg_id=743)
2026-09-14 10:05:04 [INFO] Delivered post 13:00 WIB WIB (msg_id=744)
2026-09-14 10:05:05 [INFO] Delivered post 19:00 WIB WIB (msg_id=745)
2026-09-14 10:05:06 [INFO] Footer delivered (msg_id=746)
2026-09-14 10:05:06 [INFO] Queue updated: 18 total entries
2026-09-15 10:05:13 [INFO] ============================================================
2026-09-15 10:05:13 [INFO] SixZuper IG Daily Draft Generator — Started
2026-09-15 10:05:13 [INFO] ============================================================
2026-09-15 10:05:13 [INFO] Generated draft: 08:00 WIB | 🏛️ Database Indexing Strategy
2026-09-15 10:05:13 [INFO] Generated draft: 13:00 WIB | 🛠️ SSH Config Shortcut
2026-09-15 10:05:13 [INFO] Generated draft: 19:00 WIB | 🌐 REST API Error Format
2026-09-15 10:05:13 [INFO] Draft saved: ig_draft_20260915.json (3 posts)
2026-09-15 10:05:15 [INFO] 📤 Header delivered to topic #3 (msg_id=763)
2026-09-15 10:05:16 [INFO] 📤 Post 08:00 WIB delivered (msg_id=764)
2026-09-15 10:05:16 [INFO] 📤 Post 13:00 WIB delivered (msg_id=765)
2026-09-15 10:05:17 [INFO] 📤 Post 19:00 WIB delivered (msg_id=766)
2026-09-15 10:05:18 [INFO] 📤 Footer delivered (msg_id=767)
2026-09-15 10:05:18 [INFO] 📋 Queue updated: 21 total entries
2026-09-15 10:05:18 [INFO] ============================================================
2026-09-15 10:05:18 [INFO] SixZuper IG Daily Draft — Complete ✅
2026-09-15 10:05:18 [INFO] ============================================================
