/home/aisixzuperlabs/sixzuper-content/telegram_bot.py:489: DeprecationWarning: Passing `parse_mode`, `disable_web_page_preview` or `protect_content` to Bot initializer is deprecated. This arguments will be removed in 3.7.0 version
Use `default=DefaultBotProperties(...)` instead.
  bot = Bot(token=BOT_TOKEN, parse_mode="HTML")
2026-09-10 12:35:16,060 [INFO] ✅ All 10 handlers registered
2026-09-10 12:35:16,061 [INFO] 🚀 Starting bot loop...
2026-09-10 12:35:16,742 [INFO] 🤖 Agent AI Kilua (@agentaisix_bot) started
2026-09-10 12:35:17,290 [INFO] 📱 Connected to chat: IG SIXZUPER (-1003934372713)
2026-09-10 12:35:17,292 [INFO] 👥 Allowed users: 2
2026-09-10 12:35:17,293 [INFO] Start polling
2026-09-10 12:35:17,294 [INFO] Run polling for bot @agentaisix_bot id=8592188693 - 'Agent AI Kilua'
2026-09-10 12:35:40,665 [ERROR] Failed to fetch updates - TelegramConflictError: Telegram server says - Conflict: terminated by other getUpdates request; make sure that only one bot instance is running
2026-09-10 12:35:40,666 [WARNING] Sleep for 1.000000 seconds and try again... (tryings = 0, bot id = 8592188693)
2026-09-10 12:35:51,881 [INFO] Connection established (tryings = 1, bot id = 8592188693)
2026-09-10 12:36:18,013 [ERROR] Failed to fetch updates - TelegramConflictError: Telegram server says - Conflict: terminated by other getUpdates request; make sure that only one bot instance is running
2026-09-10 12:36:18,014 [WARNING] Sleep for 1.000000 seconds and try again... (tryings = 0, bot id = 8592188693)
2026-09-10 12:36:29,229 [INFO] Connection established (tryings = 1, bot id = 8592188693)
2026-09-10 12:37:05,535 [ERROR] Failed to fetch updates - TelegramConflictError: Telegram server says - Conflict: terminated by other getUpdates request; make sure that only one bot instance is running
2026-09-10 12:37:05,536 [WARNING] Sleep for 1.000000 seconds and try again... (tryings = 0, bot id = 8592188693)
2026-09-10 12:37:16,763 [INFO] Connection established (tryings = 1, bot id = 8592188693)
2026-09-10 12:38:03,035 [ERROR] Failed to fetch updates - TelegramConflictError: Telegram server says - Conflict: terminated by other getUpdates request; make sure that only one bot instance is running
2026-09-10 12:38:03,038 [WARNING] Sleep for 1.000000 seconds and try again... (tryings = 0, bot id = 8592188693)
2026-09-10 12:38:14,253 [INFO] Connection established (tryings = 1, bot id = 8592188693)
2026-09-10 12:38:22,533 [WARNING] Received SIGTERM signal
2026-09-10 12:38:22,536 [INFO] Polling stopped for bot @agentaisix_bot id=8592188693 - 'Agent AI Kilua'
2026-09-10 12:38:22,538 [INFO] Polling stopped
2026-09-10 12:38:22,540 [INFO] 🛑 Bot shutting down...
